Archive member included to satisfy reference by file (symbol)

C:/ProgramData/MATLAB/SupportPackages/R2022a/3P.instrset/vexv5sdk.instrset/SDK_V5_1_0_12_0/vexv5/libv5rts.a(v5_startup.c.obj)
                              (vexStartup)
C:/ProgramData/MATLAB/SupportPackages/R2022a/3P.instrset/vexv5sdk.instrset/SDK_V5_1_0_12_0/vexv5/libv5rts.a(v5_apijump.c.obj)
                              C:/ProgramData/MATLAB/SupportPackages/R2022a/3P.instrset/vexv5sdk.instrset/SDK_V5_1_0_12_0/vexv5/libv5rts.a(v5_startup.c.obj) (vexPrivateApiDisable)
C:/ProgramData/MATLAB/SupportPackages/R2022a/3P.instrset/vexv5sdk.instrset/SDK_V5_1_0_12_0/vexv5/libv5rts.a(v5_apiuser.c.obj)
                              xcp_ext_work.o (vexDelay)
C:/ProgramData/MATLAB/SupportPackages/R2022a/3P.instrset/vexv5sdk.instrset/SDK_V5_1_0_12_0/vexv5/libv5rts.a(v5_apiversions.c.obj)
                              C:/ProgramData/MATLAB/SupportPackages/R2022a/3P.instrset/vexv5sdk.instrset/SDK_V5_1_0_12_0/vexv5/libv5rts.a(v5_apijump.c.obj) (vexSystemVersion)
c:/progra~3/matlab/suppor~1/r2022a/3p778c~1.ins/gnuarm~1.ins/win/bin/../lib/gcc/arm-none-eabi/9.3.1/../../../../arm-none-eabi/lib/thumb/v7-a+simd/softfp/libm.a(lib_a-pow.o)
                              tune.o (pow)
c:/progra~3/matlab/suppor~1/r2022a/3p778c~1.ins/gnuarm~1.ins/win/bin/../lib/gcc/arm-none-eabi/9.3.1/../../../../arm-none-eabi/lib/thumb/v7-a+simd/softfp/libm.a(lib_a-pow_log_data.o)
                              c:/progra~3/matlab/suppor~1/r2022a/3p778c~1.ins/gnuarm~1.ins/win/bin/../lib/gcc/arm-none-eabi/9.3.1/../../../../arm-none-eabi/lib/thumb/v7-a+simd/softfp/libm.a(lib_a-pow.o) (__pow_log_data)
c:/progra~3/matlab/suppor~1/r2022a/3p778c~1.ins/gnuarm~1.ins/win/bin/../lib/gcc/arm-none-eabi/9.3.1/../../../../arm-none-eabi/lib/thumb/v7-a+simd/softfp/libm.a(lib_a-s_cos.o)
                              tune.o (cos)
c:/progra~3/matlab/suppor~1/r2022a/3p778c~1.ins/gnuarm~1.ins/win/bin/../lib/gcc/arm-none-eabi/9.3.1/../../../../arm-none-eabi/lib/thumb/v7-a+simd/softfp/libm.a(lib_a-s_floor.o)
                              tune.o (floor)
c:/progra~3/matlab/suppor~1/r2022a/3p778c~1.ins/gnuarm~1.ins/win/bin/../lib/gcc/arm-none-eabi/9.3.1/../../../../arm-none-eabi/lib/thumb/v7-a+simd/softfp/libm.a(lib_a-s_sin.o)
                              tune.o (sin)
c:/progra~3/matlab/suppor~1/r2022a/3p778c~1.ins/gnuarm~1.ins/win/bin/../lib/gcc/arm-none-eabi/9.3.1/../../../../arm-none-eabi/lib/thumb/v7-a+simd/softfp/libm.a(lib_a-w_atan2.o)
                              tune.o (atan2)
c:/progra~3/matlab/suppor~1/r2022a/3p778c~1.ins/gnuarm~1.ins/win/bin/../lib/gcc/arm-none-eabi/9.3.1/../../../../arm-none-eabi/lib/thumb/v7-a+simd/softfp/libm.a(lib_a-w_fmod.o)
                              tune.o (fmod)
c:/progra~3/matlab/suppor~1/r2022a/3p778c~1.ins/gnuarm~1.ins/win/bin/../lib/gcc/arm-none-eabi/9.3.1/../../../../arm-none-eabi/lib/thumb/v7-a+simd/softfp/libm.a(lib_a-w_log10.o)
                              tune.o (log10)
c:/progra~3/matlab/suppor~1/r2022a/3p778c~1.ins/gnuarm~1.ins/win/bin/../lib/gcc/arm-none-eabi/9.3.1/../../../../arm-none-eabi/lib/thumb/v7-a+simd/softfp/libm.a(lib_a-w_sqrt.o)
                              tune.o (sqrt)
c:/progra~3/matlab/suppor~1/r2022a/3p778c~1.ins/gnuarm~1.ins/win/bin/../lib/gcc/arm-none-eabi/9.3.1/../../../../arm-none-eabi/lib/thumb/v7-a+simd/softfp/libm.a(lib_a-e_atan2.o)
                              c:/progra~3/matlab/suppor~1/r2022a/3p778c~1.ins/gnuarm~1.ins/win/bin/../lib/gcc/arm-none-eabi/9.3.1/../../../../arm-none-eabi/lib/thumb/v7-a+simd/softfp/libm.a(lib_a-w_atan2.o) (__ieee754_atan2)
c:/progra~3/matlab/suppor~1/r2022a/3p778c~1.ins/gnuarm~1.ins/win/bin/../lib/gcc/arm-none-eabi/9.3.1/../../../../arm-none-eabi/lib/thumb/v7-a+simd/softfp/libm.a(lib_a-e_fmod.o)
                              c:/progra~3/matlab/suppor~1/r2022a/3p778c~1.ins/gnuarm~1.ins/win/bin/../lib/gcc/arm-none-eabi/9.3.1/../../../../arm-none-eabi/lib/thumb/v7-a+simd/softfp/libm.a(lib_a-w_fmod.o) (__ieee754_fmod)
c:/progra~3/matlab/suppor~1/r2022a/3p778c~1.ins/gnuarm~1.ins/win/bin/../lib/gcc/arm-none-eabi/9.3.1/../../../../arm-none-eabi/lib/thumb/v7-a+simd/softfp/libm.a(lib_a-e_log10.o)
                              c:/progra~3/matlab/suppor~1/r2022a/3p778c~1.ins/gnuarm~1.ins/win/bin/../lib/gcc/arm-none-eabi/9.3.1/../../../../arm-none-eabi/lib/thumb/v7-a+simd/softfp/libm.a(lib_a-w_log10.o) (__ieee754_log10)
c:/progra~3/matlab/suppor~1/r2022a/3p778c~1.ins/gnuarm~1.ins/win/bin/../lib/gcc/arm-none-eabi/9.3.1/../../../../arm-none-eabi/lib/thumb/v7-a+simd/softfp/libm.a(lib_a-e_rem_pio2.o)
                              c:/progra~3/matlab/suppor~1/r2022a/3p778c~1.ins/gnuarm~1.ins/win/bin/../lib/gcc/arm-none-eabi/9.3.1/../../../../arm-none-eabi/lib/thumb/v7-a+simd/softfp/libm.a(lib_a-s_cos.o) (__ieee754_rem_pio2)
c:/progra~3/matlab/suppor~1/r2022a/3p778c~1.ins/gnuarm~1.ins/win/bin/../lib/gcc/arm-none-eabi/9.3.1/../../../../arm-none-eabi/lib/thumb/v7-a+simd/softfp/libm.a(lib_a-e_sqrt.o)
[...]
Memory Configuration

Name             Origin             Length             Attributes
ps7_ddr_0_S_AXI_BASEADDR 0x03800000         0x04800000
*default*        0x00000000         0xffffffff

Linker script and memory map

LOAD xcp_ext_work.o
LOAD ert_main.o
LOAD rtGetInf.o
LOAD rtGetNaN.o
LOAD rt_nonfinite.o
LOAD rt_zcfcn.o
LOAD tune.o
LOAD tune_data.o
LOAD xcp_ext_common.o
LOAD xcp_ext_classic_trigger.o
LOAD xcp.o
LOAD xcp_standard.o
LOAD xcp_daq.o
LOAD xcp_calibration.o
LOAD xcp_fifo.o
LOAD xcp_transport.o
LOAD xcp_mem_default.o
LOAD xcp_drv_rtiostream.o
LOAD xcp_frame_serial.o
LOAD xcp_ext_param_default_serial.o
LOAD MW_Vex_TaskControl.o
LOAD MW_SupportFunc_Wrapper.o
LOAD MW_TabManager.o
LOAD MW_FreeRTOS_glue.o
LOAD FreeRTOS_asm_vectors.o
LOAD croutine.o
LOAD event_groups.o
LOAD list.o
LOAD queue.o
LOAD tasks.o
LOAD timers.o
LOAD heap_4.o
LOAD port.o
LOAD portASM.o
LOAD mw_freertos_init.o
LOAD mw_thread.o
LOAD mw_timer.o
LOAD mw_semaphore.o
LOAD rtiostream_serial.o
LOAD C:/ProgramData/MATLAB/SupportPackages/R2022a/3P.instrset/vexv5sdk.instrset/SDK_V5_1_0_12_0/vexv5/libv5rts.a
LOAD c:/progra~3/matlab/suppor~1/r2022a/3p778c~1.ins/gnuarm~1.ins/win/bin/../lib/gcc/arm-none-eabi/9.3.1/../../../../arm-none-eabi/lib/thumb/v7-a+simd/softfp/libm.a
LOAD c:/progra~3/matlab/suppor~1/r2022a/3p778c~1.ins/gnuarm~1.ins/win/bin/../lib/gcc/arm-none-eabi/9.3.1/../../../../arm-none-eabi/lib/thumb/v7-a+simd/softfp/libc.a
LOAD c:/progra~3/matlab/suppor~1/r2022a/3p778c~1.ins/gnuarm~1.ins/win/bin/../lib/gcc/arm-none-eabi/9.3.1/thumb/v7-a+simd/softfp/libgcc.a
LOAD c:/progra~3/matlab/suppor~1/r2022a/3p778c~1.ins/gnuarm~1.ins/win/bin/../lib/gcc/arm-none-eabi/9.3.1/../../../../arm-none-eabi/lib/thumb/v7-a+simd/softfp/libnosys.a
LOAD c:/progra~3/matlab/suppor~1/r2022a/3p778c~1.ins/gnuarm~1.ins/win/bin/../lib/gcc/arm-none-eabi/9.3.1/../../../../arm-none-eabi/lib/thumb/v7-a+simd/softfp\libm.a
                0x00002000                _STACK_SIZE = DEFINED (_STACK_SIZE)?_STACK_SIZE:0x2000
                0x00100000                _HEAP_SIZE = DEFINED (_HEAP_SIZE)?_HEAP_SIZE:0x100000
                0x00000400                _ABORT_STACK_SIZE = DEFINED (_ABORT_STACK_SIZE)?_ABORT_STACK_SIZE:0x400
                0x00000800                _SUPERVISOR_STACK_SIZE = DEFINED (_SUPERVISOR_STACK_SIZE)?_SUPERVISOR_STACK_SIZE:0x800
                0x00000400                _IRQ_STACK_SIZE = DEFINED (_IRQ_STACK_SIZE)?_IRQ_STACK_SIZE:0x400
                0x00000400                _FIQ_STACK_SIZE = DEFINED (_FIQ_STACK_SIZE)?_FIQ_STACK_SIZE:0x400
                0x00000400                _UNDEF_STACK_SIZE = DEFINED (_UNDEF_STACK_SIZE)?_UNDEF_STACK_SIZE:0x400

.text           0x03800000    0x19448
 *(.vectors)
 *(.boot_data)
 .boot_data     0x03800000       0x20 C:/ProgramData/MATLAB/SupportPackages/R2022a/3P.instrset/vexv5sdk.instrset/SDK_V5_1_0_12_0/vexv5/libv5rts.a(v5_startup.c.obj)
                0x03800000                vexCodeSig
                0x00000020                . = 0x20
 *(.boot)
 .boot          0x03800020       0x58 C:/ProgramData/MATLAB/SupportPackages/R2022a/3P.instrset/vexv5sdk.instrset/SDK_V5_1_0_12_0/vexv5/libv5rts.a(v5_startup.c.obj)
                0x03800020                vexStartup
                0x03800080                . = ALIGN (0x40)
 *fill*         0x03800078        0x8 
 *(.freertos_vectors)
 .freertos_vectors
                0x03800080       0xa8 FreeRTOS_asm_vectors.o
                0x03800080                _freertos_vector_table
                0x03800110                vPortInstallFreeRTOSVectorTable
 *(.text)
 *fill*         0x03800128        0x8 
 .text          0x03800130      0x2e0 portASM.o
                0x03800130                FreeRTOS_SWI_Handler
                0x038001d8                vPortRestoreTaskContext
                0x03800240                FreeRTOS_IRQ_Handler
                0x038003b0                vApplicationIRQHandler
 *fill*         0x03800410       0x30 
 .text          0x03800440      0x4e0 c:/progra~3/matlab/suppor~1/r2022a/3p778c~1.ins/gnuarm~1.ins/win/bin/../lib/gcc/arm-none-eabi/9.3.1/../../../../arm-none-eabi/lib/thumb/v7-a+simd/softfp/libc.a(lib_a-memcpy.o)
                0x03800440                memcpy
 *(.text.*)
 .text.rtExtModePauseIfNeeded
                0x03800920       0x70 xcp_ext_work.o
                0x03800920                rtExtModePauseIfNeeded
 .text.rtExtModeWaitForStartPkt
                0x03800990       0xc8 xcp_ext_work.o
                0x03800990                rtExtModeWaitForStartPkt
 .text.rtExtModeOneStep
                0x03800a58       0x3c xcp_ext_work.o
                0x03800a58                rtExtModeOneStep
 .text.rtExtModeUpload
                0x03800a94       0x90 xcp_ext_work.o
                0x03800a94                rtExtModeUpload
 .text.rtExtModeCheckEndTrigger
                0x03800b24        0x4 xcp_ext_work.o
                0x03800b24                rtExtModeCheckEndTrigger
 .text.rtExtModeUploadCheckTrigger
                0x03800b28        0x4 xcp_ext_work.o
                0x03800b28                rtExtModeUploadCheckTrigger
 .text.rtExtModeCheckInit
                0x03800b2c       0x30 xcp_ext_work.o
                0x03800b2c                rtExtModeCheckInit
 .text.rtExtModeShutdown
                0x03800b5c       0x28 xcp_ext_work.o
                0x03800b5c                rtExtModeShutdown
 .text.rtExtModeParseArgs
                0x03800b84        0x4 xcp_ext_work.o
                0x03800b84                rtExtModeParseArgs
 .text.rtERTExtModeSetTFinal
                0x03800b88       0x2c xcp_ext_work.o
                0x03800b88                rtERTExtModeSetTFinal
 .text.rtSetTFinalForExtMode
                0x03800bb4        0x4 xcp_ext_work.o
                0x03800bb4                rtSetTFinalForExtMode
 .text.rtERTExtModeStartMsg
                0x03800bb8        0x4 xcp_ext_work.o
                0x03800bb8                rtERTExtModeStartMsg
 .text.terminateTask
                0x03800bbc       0x8c ert_main.o
                0x03800bbc                terminateTask
 .text.baseRateTask
                0x03800c48      0x108 ert_main.o
                0x03800c48                baseRateTask
 .text.backgroundTask
                0x03800d50       0x58 ert_main.o
                0x03800d50                backgroundTask
 .text.startup.main
                0x03800da8       0x9c ert_main.o
                0x03800da8                main
 .text.rtGetInf
                0x03800e44       0x10 rtGetInf.o
                0x03800e44                rtGetInf
 .text.rtGetInfF
                0x03800e54        0xc rtGetInf.o
                0x03800e54                rtGetInfF
 .text.rtGetMinusInf
                0x03800e60       0x10 rtGetInf.o
                0x03800e60                rtGetMinusInf
 .text.rtGetMinusInfF
                0x03800e70        0xc rtGetInf.o
                0x03800e70                rtGetMinusInfF
 .text.rtGetNaN
                0x03800e7c       0x10 rtGetNaN.o
                0x03800e7c                rtGetNaN
 .text.rtGetNaNF
                0x03800e8c        0xc rtGetNaN.o
                0x03800e8c                rtGetNaNF
 .text.rt_InitInfAndNaN
                0x03800e98       0x68 rt_nonfinite.o
                0x03800e98                rt_InitInfAndNaN
 .text.rtIsInf  0x03800f00       0x44 rt_nonfinite.o
                0x03800f00                rtIsInf
 .text.rtIsNaN  0x03800f44       0x2c rt_nonfinite.o
                0x03800f44                rtIsNaN
 .text.rt_ZCFcn
                0x03800f70       0xac rt_zcfcn.o
                0x03800f70                rt_ZCFcn
 .text.tune_trisolve
                0x0380101c       0x24 tune.o
 .text.tune_vectorAny
                0x03801040       0x40 tune.o
 .text.tune_maximum_bt
                0x03801080       0xd8 tune.o
 .text.tune_computeAlpha_l
                0x03801158      0x194 tune.o
 .text.tune_maximum
                0x038012ec       0xd8 tune.o
 .text.tune_computeAlpha
                0x038013c4      0x16c tune.o
 .text.tune_maximum_bt0s
                0x03801530       0xd8 tune.o
 .text.tune_computeAlpha_lk
                0x03801608      0x164 tune.o
 .text.tune_minimum
                0x0380176c       0xd0 tune.o
 .text.tune_maximum_b
                0x0380183c       0xd0 tune.o
 *fill*         0x0380190c        0x4 
 .text.tune_resetInfValue
                0x03801910       0x88 tune.o
 .text.tune_log10
                0x03801998       0x40 tune.o
 .text.tune_computePM
                0x038019d8      0x1fc tune.o
 .text.tune_xgemv_g.part.0
                0x03801bd4      0x124 tune.o
 .text.tune_xgerc_i.part.0
                0x03801cf8      0x12c tune.o
 .text.tune_xgemv_ge.part.0
                0x03801e24      0x124 tune.o
 .text.tune_xgerc_i2.part.0
                0x03801f48      0x128 tune.o
 .text.tune_xnrm2_h.isra.0.part.0
                0x03802070       0x88 tune.o
 .text.tune_xnrm2_l
                0x038020f8       0xfc tune.o
 .text.tune_xnrm2_la
                0x038021f4       0xf8 tune.o
 *fill*         0x038022ec        0x4 
 .text.tune_rt_hypotd_snf
                0x038022f0       0x9c tune.o
 *fill*         0x0380238c        0x4 
 .text.tune_xgeqp3
                0x03802390      0x948 tune.o
 .text.tune_xgeqp3_g
                0x03802cd8      0x930 tune.o
 .text.tune_rt_powd_snf
                0x03803608      0x160 tune.o
 .text.tune_logspace
                0x03803768      0x1ac tune.o
 .text.tune_norm_eb.constprop.0
                0x03803914       0xc4 tune.o
 .text.tune_blkdiag_f0i.constprop.0
                0x038039d8       0x98 tune.o
 .text.tune_minimum_nv.constprop.0
                0x03803a70      0x128 tune.o
 .text.tune_mean.constprop.0
                0x03803b98       0x68 tune.o
 .text.tune_minimum_n.constprop.0
                0x03803c00       0xf0 tune.o
 .text.tune_maximum_bt0.constprop.0
                0x03803cf0       0xf0 tune.o
 .text.tune_abs_lb.constprop.0
                0x03803de0       0x54 tune.o
 *fill*         0x03803e34        0x4 
 .text.tune_logspace_d.constprop.0
                0x03803e38      0x1b0 tune.o
 .text.tune_computeTAU.constprop.0
                0x03803fe8      0x168 tune.o
 .text.tune_norm_e.constprop.0
                0x03804150       0xc4 tune.o
 .text.tune_blkdiag_f0.constprop.0
                0x03804214       0x9c tune.o
 .text.tune_norm.constprop.0
                0x038042b0       0xcc tune.o
 .text.tune_blkdiag_f.constprop.0
                0x0380437c       0x8c tune.o
 .text.tune_blkdiag.constprop.0
                0x03804408       0x74 tune.o
 *fill*         0x0380447c        0x4 
 .text.tune_localGetRealImag.constprop.0
                0x03804480      0x15c tune.o
 *fill*         0x038045dc        0x4 
 .text.tune_xnrm2.constprop.0
                0x038045e0       0x78 tune.o
 .text.tune_xorgqr_g
                0x03804658      0x310 tune.o
 .text.tune_computeZ_ni2.constprop.0
                0x03804968      0x464 tune.o
 .text.tune_computeZ_ni.constprop.0
                0x03804dcc      0x4dc tune.o
 .text.tune_xorgqr
                0x038052a8      0x304 tune.o
 .text.tune_computeZ_n.constprop.0
                0x038055ac      0x478 tune.o
 *fill*         0x03805a24        0x4 
 .text.tune_utilLSQFixedSizeData_m.constprop.0
                0x03805a28      0x618 tune.o
 .text.tune_computeZ.constprop.0
                0x03806040      0x404 tune.o
 *fill*         0x03806444        0x4 
 .text.tune_utilLSQFixedSizeData.constprop.0
                0x03806448      0x628 tune.o
 .text.tune_slpidfivepoint.constprop.0
                0x03806a70     0x66b0 tune.o
 .text.rt_hypotd_snf
                0x0380d120       0x90 tune.o
                0x0380d120                rt_hypotd_snf
 .text.tune_RLS
                0x0380d1b0      0xbdc tune.o
                0x0380d1b0                tune_RLS
 *fill*         0x0380dd8c        0x4 
 .text.tune_step
                0x0380dd90      0xf90 tune.o
                0x0380dd90                tune_step
 .text.tune_initialize
                0x0380ed20      0x2d0 tune.o
                0x0380ed20                tune_initialize
 .text.tune_terminate
                0x0380eff0       0x80 tune.o
                0x0380eff0                tune_terminate
 .text.xcpExtModeUpdateTime
                0x0380f070       0xe0 xcp_ext_common.o
                0x0380f070                xcpExtModeUpdateTime
 .text.xcpExtModeGetUpdatedTimestamp
                0x0380f150       0x54 xcp_ext_common.o
                0x0380f150                xcpExtModeGetUpdatedTimestamp
 .text.xcpExtModeInit
                0x0380f1a4       0x5c xcp_ext_common.o
                0x0380f1a4                xcpExtModeInit
 .text.xcpExtModeRunBackground
                0x0380f200       0xa0 xcp_ext_common.o
                0x0380f200                xcpExtModeRunBackground
 .text.xcpExtModeReset
                0x0380f2a0       0xfc xcp_ext_common.o
                0x0380f2a0                xcpExtModeReset
 .text.xcpExtModeClassicTriggerInit
                0x0380f39c       0x70 xcp_ext_classic_trigger.o
                0x0380f39c                xcpExtModeClassicTriggerInit
 .text.xcpExtModeClassicTriggerEnabled
                0x0380f40c      0x574 xcp_ext_classic_trigger.o
                0x0380f40c                xcpExtModeClassicTriggerEnabled
 .text.xcpExtModeClassicTriggerReset
                0x0380f980      0x114 xcp_ext_classic_trigger.o
                0x0380f980                xcpExtModeClassicTriggerReset
 .text.unknownInputPacketHandler
                0x0380fa94       0x10 xcp.o
 .text.discardInputPacketHandler
                0x0380faa4       0x20 xcp.o
 .text.genericOutputPacketHandler
                0x0380fac4       0xe4 xcp.o
                0x0380fac4                genericOutputPacketHandler
 .text.xcpStatusSet
                0x0380fba8       0x10 xcp.o
                0x0380fba8                xcpStatusSet
 .text.xcpSessionStatusGet
                0x0380fbb8       0x10 xcp.o
                0x0380fbb8                xcpSessionStatusGet
 .text.xcpSessionStatusSetMask
                0x0380fbc8       0x18 xcp.o
                0x0380fbc8                xcpSessionStatusSetMask
 .text.xcpSessionStatusClearMask
                0x0380fbe0       0x18 xcp.o
                0x0380fbe0                xcpSessionStatusClearMask
 .text.xcpResourceProtectionStatusGet
                0x0380fbf8       0x10 xcp.o
                0x0380fbf8                xcpResourceProtectionStatusGet
 .text.xcpSessionConfigurationIdGet
                0x0380fc08       0x10 xcp.o
                0x0380fc08                xcpSessionConfigurationIdGet
 .text.xcpFindPacket
                0x0380fc18       0x60 xcp.o
                0x0380fc18                xcpFindPacket
 .text.xcpInit  0x0380fc78       0x5c xcp.o
                0x0380fc78                xcpInit
 .text.xcpRun   0x0380fcd4      0x2b0 xcp.o
                0x0380fcd4                xcpRun
 .text.xcpEventExternalTimestamp
                0x0380ff84       0x24 xcp.o
                0x0380ff84                xcpEventExternalTimestamp
 .text.xcpGetStatus
                0x0380ffa8       0x10 xcp.o
                0x0380ffa8                xcpGetStatus
 .text.xcpReset
                0x0380ffb8       0x34 xcp.o
                0x0380ffb8                xcpReset
 .text.xcpPackedModeEventsFlush
                0x0380ffec        0x4 xcp.o
                0x0380ffec                xcpPackedModeEventsFlush
 .text.xcpPackedModeEventReset
                0x0380fff0        0xc xcp.o
                0x0380fff0                xcpPackedModeEventReset
 .text.getStatusInputPacketHandler
                0x0380fffc       0x10 xcp_standard.o
 .text.getPacket
                0x0381000c       0x10 xcp_standard.o
 .text.uploadInputPacketHandler
                0x0381001c       0x70 xcp_standard.o
 .text.synchInputPacketHandler
                0x0381008c       0x2c xcp_standard.o
 .text.getStatusOutputPacketHandler
                0x038100b8       0x38 xcp_standard.o
 .text.disconnectInputPacketHandler
                0x038100f0       0x3c xcp_standard.o
 .text.connectInputPacketHandler
                0x0381012c       0x5c xcp_standard.o
 .text.connectOutputPacketHandler
                0x03810188       0x50 xcp_standard.o
 .text.xcpStandardInit
                0x038101d8       0x18 xcp_standard.o
                0x038101d8                xcpStandardInit
 .text.xcpStandardGetPacketLookup
                0x038101f0       0x10 xcp_standard.o
                0x038101f0                xcpStandardGetPacketLookup
 .text.xcpStandardReset
                0x03810200       0x14 xcp_standard.o
                0x03810200                xcpStandardReset
 .text.xcpStandardGetAddressFromMta
                0x03810214       0x10 xcp_standard.o
                0x03810214                xcpStandardGetAddressFromMta
 .text.xcpStandardSetMta
                0x03810224       0x24 xcp_standard.o
                0x03810224                xcpStandardSetMta
 .text.shortUploadInputPacketHandler
                0x03810248       0x70 xcp_standard.o
 .text.setMTAInputPacketHandler
                0x038102b8       0x30 xcp_standard.o
 .text.xcpStandardIncrementMta
                0x038102e8       0x18 xcp_standard.o
                0x038102e8                xcpStandardIncrementMta
 .text.shortUploadOutputPacketHandler.part.0
                0x03810300       0x3c xcp_standard.o
 .text.uploadOutputPacketHandler
                0x0381033c       0x50 xcp_standard.o
 .text.shortUploadOutputPacketHandler
                0x0381038c       0x50 xcp_standard.o
 .text.isActiveDaqList
                0x038103dc       0x2c xcp_daq.o
 .text.noActiveDaqLists
                0x03810408       0x4c xcp_daq.o
 .text.isValidDaqPtr
                0x03810454       0x78 xcp_daq.o
 .text.isDaqPackedModeEnabled
                0x038104cc       0x4c xcp_daq.o
 .text.setDaqPtrInputPacketHandler
                0x03810518       0x84 xcp_daq.o
 .text.writeDaqInputPacketHandler
                0x0381059c       0xdc xcp_daq.o
 .text.setDaqListModeInputPacketHandler
                0x03810678       0xc8 xcp_daq.o
 .text.getDaqProcessorInfoInputPacketHandler
                0x03810740       0x10 xcp_daq.o
 .text.getDaqProcessorInfoOutputPacketHandler
                0x03810750       0x34 xcp_daq.o
 .text.getDaqResolutionInfoOutputPacketHandler
                0x03810784       0x34 xcp_daq.o
 .text.level1CommandInputPacketHandler
                0x038107b8      0x110 xcp_daq.o
 .text.getPacket
                0x038108c8       0x10 xcp_daq.o
 .text.allocOdtEntryInputPacketHandler
                0x038108d8       0xf8 xcp_daq.o
 .text.allocOdtInputPacketHandler
                0x038109d0       0xd4 xcp_daq.o
 .text.allocDaqInputPacketHandler
                0x03810aa4       0xe0 xcp_daq.o
 .text.createDaqReservedPool
                0x03810b84       0x84 xcp_daq.o
 .text.startStopDaqListOutputPacketHandler
                0x03810c08       0x44 xcp_daq.o
 .text.xcpDaqWriteLock.isra.0.part.0
                0x03810c4c       0x1c xcp_daq.o
 .text.xcpDaqWriteLock.isra.0
                0x03810c68       0x60 xcp_daq.o
 .text.xcpDaqWriteUnlock.isra.0
                0x03810cc8       0x2c xcp_daq.o
 .text.startStopDaqListInputPacketHandler
                0x03810cf4      0x290 xcp_daq.o
 .text.startStopSynchInputPacketHandler
                0x03810f84      0x224 xcp_daq.o
 .text.getDaqResolutionInfoInputPacketHandler
                0x038111a8       0x10 xcp_daq.o
 .text.xcpDaqInit
                0x038111b8       0x50 xcp_daq.o
                0x038111b8                xcpDaqInit
 .text.xcpDaqGetPacketLookup
                0x03811208       0x10 xcp_daq.o
                0x03811208                xcpDaqGetPacketLookup
 .text.xcpDaqEvent
                0x03811218      0x49c xcp_daq.o
                0x03811218                xcpDaqEvent
 .text.xcpDaqEventsFlush
                0x038116b4      0x16c xcp_daq.o
                0x038116b4                xcpDaqEventsFlush
 .text.xcpDaqLock
                0x03811820        0x4 xcp_daq.o
                0x03811820                xcpDaqLock
 .text.xcpDaqUnlock
                0x03811824        0x4 xcp_daq.o
                0x03811824                xcpDaqUnlock
 .text.xcpResetDaqListStatus
                0x03811828      0x108 xcp_daq.o
                0x03811828                xcpResetDaqListStatus
 .text.freeDaqInputPacketHandler
                0x03811930       0x3c xcp_daq.o
 .text.xcpDaqReset
                0x0381196c       0x30 xcp_daq.o
                0x0381196c                xcpDaqReset
 .text.getPacket
                0x0381199c       0x10 xcp_calibration.o
 .text.shortDownloadInputPacketHandler
                0x038119ac       0x80 xcp_calibration.o
 .text.downloadInputPacketHandler
                0x03811a2c       0x84 xcp_calibration.o
 .text.xcpCalibrationInit
                0x03811ab0       0x18 xcp_calibration.o
                0x03811ab0                xcpCalibrationInit
 .text.xcpCalibrationGetPacketLookup
                0x03811ac8       0x10 xcp_calibration.o
                0x03811ac8                xcpCalibrationGetPacketLookup
 .text.xcpCalibrationReset
                0x03811ad8        0x4 xcp_calibration.o
                0x03811ad8                xcpCalibrationReset
 .text.xcpFifoInit
                0x03811adc       0x10 xcp_fifo.o
                0x03811adc                xcpFifoInit
 .text.xcpFifoEnqueue
                0x03811aec       0x18 xcp_fifo.o
                0x03811aec                xcpFifoEnqueue
 .text.xcpFifoDequeue
                0x03811b04       0x24 xcp_fifo.o
                0x03811b04                xcpFifoDequeue
 .text.xcpFifoEnqueueHead
                0x03811b28       0x18 xcp_fifo.o
                0x03811b28                xcpFifoEnqueueHead
 .text.xcpFifoReset
                0x03811b40       0x10 xcp_fifo.o
                0x03811b40                xcpFifoReset
 .text.xcpTransportEmptyTxFifo
                0x03811b50       0xb8 xcp_transport.o
 .text.xcpTransportEmptyRxFifo
                0x03811c08       0x88 xcp_transport.o
 .text.xcpTransportTxReady
                0x03811c90        0x8 xcp_transport.o
                0x03811c90                xcpTransportTxReady
 .text.xcpTransportTxTrigger
                0x03811c98        0x8 xcp_transport.o
                0x03811c98                xcpTransportTxTrigger
 .text.xcpTransportTx
                0x03811ca0      0x15c xcp_transport.o
                0x03811ca0                xcpTransportTx
 .text.xcpTransportRx
                0x03811dfc       0xac xcp_transport.o
                0x03811dfc                xcpTransportRx
 .text.xcpTransportPacketOffset
                0x03811ea8       0x10 xcp_transport.o
                0x03811ea8                xcpTransportPacketOffset
 .text.xcpTransportTxPacketSet
                0x03811eb8      0x10c xcp_transport.o
                0x03811eb8                xcpTransportTxPacketSet
 .text.xcpTransportRxPacketGet
                0x03811fc4      0x110 xcp_transport.o
                0x03811fc4                xcpTransportRxPacketGet
 .text.xcpTransportMsgBufferSize
                0x038120d4       0x44 xcp_transport.o
                0x038120d4                xcpTransportMsgBufferSize
 .text.xcpTransportInit
                0x03812118       0xcc xcp_transport.o
                0x03812118                xcpTransportInit
 .text.xcpTransportMaxDtoSize
                0x038121e4        0x4 xcp_transport.o
                0x038121e4                xcpTransportMaxDtoSize
 .text.xcpTransportMaxCtoSize
                0x038121e8        0x4 xcp_transport.o
                0x038121e8                xcpTransportMaxCtoSize
 .text.xcpTransportRestart
                0x038121ec       0x20 xcp_transport.o
                0x038121ec                xcpTransportRestart
 .text.xcpTransportResynch
                0x0381220c       0x1c xcp_transport.o
                0x0381220c                xcpTransportResynch
 .text.xcpTransportCtoReservedMemPoolId
                0x03812228       0x10 xcp_transport.o
                0x03812228                xcpTransportCtoReservedMemPoolId
 .text.xcpTransportReset
                0x03812238       0x78 xcp_transport.o
                0x03812238                xcpTransportReset
 .text.xcpInitializePoolMemoryArea.part.0
                0x038122b0       0x54 xcp_mem_default.o
 .text.xcpMemInit
                0x03812304      0x110 xcp_mem_default.o
                0x03812304                xcpMemInit
 .text.xcpMemAlloc
                0x03812414      0x12c xcp_mem_default.o
                0x03812414                xcpMemAlloc
 .text.xcpMemFree
                0x03812540      0x138 xcp_mem_default.o
                0x03812540                xcpMemFree
 .text.xcpMemReservedPoolCreate
                0x03812678      0x198 xcp_mem_default.o
                0x03812678                xcpMemReservedPoolCreate
 .text.xcpMemReservedPoolDestroy
                0x03812810      0x130 xcp_mem_default.o
                0x03812810                xcpMemReservedPoolDestroy
 .text.xcpMemCustomPoolCreate
                0x03812940       0xc4 xcp_mem_default.o
                0x03812940                xcpMemCustomPoolCreate
 .text.xcpMemCustomPoolDestroy
                0x03812a04       0x78 xcp_mem_default.o
                0x03812a04                xcpMemCustomPoolDestroy
 .text.xcpMemAllocFromPool
                0x03812a7c      0x134 xcp_mem_default.o
                0x03812a7c                xcpMemAllocFromPool
 .text.xcpMemReset
                0x03812bb0       0x68 xcp_mem_default.o
                0x03812bb0                xcpMemReset
 .text.xcpDrvOpen
                0x03812c18       0x3c xcp_drv_rtiostream.o
                0x03812c18                xcpDrvOpen
 .text.xcpDrvIoctl
                0x03812c54       0x1c xcp_drv_rtiostream.o
                0x03812c54                xcpDrvIoctl
 .text.xcpDrvSend
                0x03812c70      0x110 xcp_drv_rtiostream.o
                0x03812c70                xcpDrvSend
 .text.xcpDrvRecv
                0x03812d80      0x110 xcp_drv_rtiostream.o
                0x03812d80                xcpDrvRecv
 .text.xcpDrvClose
                0x03812e90       0x40 xcp_drv_rtiostream.o
                0x03812e90                xcpDrvClose
 .text.xcpSxiChecksum
                0x03812ed0       0x24 xcp_frame_serial.o
                0x03812ed0                xcpSxiChecksum
 .text.xcpFrameInit
                0x03812ef4       0x5c xcp_frame_serial.o
                0x03812ef4                xcpFrameInit
 .text.xcpFrameMsgSend
                0x03812f50       0xe4 xcp_frame_serial.o
                0x03812f50                xcpFrameMsgSend
 .text.xcpFrameMsgRecv
                0x03813034      0x104 xcp_frame_serial.o
                0x03813034                xcpFrameMsgRecv
 .text.xcpFrameCreateMsg
                0x03813138       0x4c xcp_frame_serial.o
                0x03813138                xcpFrameCreateMsg
 .text.xcpFrameExtractPacket
                0x03813184       0xdc xcp_frame_serial.o
                0x03813184                xcpFrameExtractPacket
 .text.xcpFrameHeaderSize
                0x03813260        0x8 xcp_frame_serial.o
                0x03813260                xcpFrameHeaderSize
 .text.xcpFrameTailSize
                0x03813268        0x8 xcp_frame_serial.o
                0x03813268                xcpFrameTailSize
 .text.xcpFrameMaxDtoSize
                0x03813270        0x8 xcp_frame_serial.o
                0x03813270                xcpFrameMaxDtoSize
 .text.xcpFrameMaxCtoSize
                0x03813278        0x8 xcp_frame_serial.o
                0x03813278                xcpFrameMaxCtoSize
 .text.xcpFrameRestart
                0x03813280       0x2c xcp_frame_serial.o
                0x03813280                xcpFrameRestart
 .text.xcpFrameSetCtoReservedMemPoolId
                0x038132ac       0x10 xcp_frame_serial.o
                0x038132ac                xcpFrameSetCtoReservedMemPoolId
 .text.xcpFrameReset
                0x038132bc       0x50 xcp_frame_serial.o
                0x038132bc                xcpFrameReset
 .text.xcpTransportGetInitParameters
                0x0381330c       0x18 xcp_ext_param_default_serial.o
                0x0381330c                xcpTransportGetInitParameters
 .text.xcpGetInitParameters
                0x03813324        0x4 xcp_ext_param_default_serial.o
                0x03813324                xcpGetInitParameters
 .text.MW_Vex_Terminate
                0x03813328       0x18 MW_Vex_TaskControl.o
                0x03813328                MW_Vex_Terminate
 .text.Vexv5_Initialize
                0x03813340       0x10 MW_SupportFunc_Wrapper.o
                0x03813340                Vexv5_Initialize
 .text.DevicePresent
                0x03813350       0x50 MW_SupportFunc_Wrapper.o
                0x03813350                DevicePresent
 .text.MW_TabMgr_IsOtherTabActive
                0x038133a0       0x2c MW_TabManager.o
                0x038133a0                MW_TabMgr_IsOtherTabActive
 .text.MW_TabMgr_GetTotalTabs
                0x038133cc       0x24 MW_TabManager.o
                0x038133cc                MW_TabMgr_GetTotalTabs
 .text.MW_TabMgr_GetTabTitle
                0x038133f0       0xa8 MW_TabManager.o
                0x038133f0                MW_TabMgr_GetTabTitle
 .text.MW_TabMgr_DrawButton
                0x03813498       0xe4 MW_TabManager.o
                0x03813498                MW_TabMgr_DrawButton
 .text.MW_TabMgr_DrawButtons
                0x0381357c       0x88 MW_TabManager.o
                0x0381357c                MW_TabMgr_DrawButtons
 .text.MW_TabMgr_DrawTabHeader
                0x03813604       0x90 MW_TabManager.o
                0x03813604                MW_TabMgr_DrawTabHeader
 .text.MW_TabMgr_RegisterTabHelper
                0x03813694       0xbc MW_TabManager.o
                0x03813694                MW_TabMgr_RegisterTabHelper
 .text.MW_TabMgr_RegisterOtherTab
                0x03813750       0x38 MW_TabManager.o
                0x03813750                MW_TabMgr_RegisterOtherTab
 .text.MW_TabMgr_ButtonCheckRange
                0x03813788       0x48 MW_TabManager.o
                0x03813788                MW_TabMgr_ButtonCheckRange
 .text.MW_Buttons_Callback_Released
                0x038137d0       0x4c MW_TabManager.o
                0x038137d0                MW_Buttons_Callback_Released
 .text.vexDisplayMessageTabInit
                0x0381381c       0x4c MW_TabManager.o
                0x0381381c                vexDisplayMessageTabInit
 .text.MW_TabMgr_Init
                0x03813868       0x60 MW_TabManager.o
                0x03813868                MW_TabMgr_Init
 .text.vexDisplayAllActiveMessages
                0x038138c8       0x58 MW_TabManager.o
                0x038138c8                vexDisplayAllActiveMessages
 .text.MW_TabMgr_Redraw
                0x03813920       0x94 MW_TabManager.o
                0x03813920                MW_TabMgr_Redraw
 .text.MW_Buttons_Callback_Pressed
                0x038139b4       0x9c MW_TabManager.o
                0x038139b4                MW_Buttons_Callback_Pressed
 .text.MW_TouchCallback
                0x03813a50       0x24 MW_TabManager.o
                0x03813a50                MW_TouchCallback
 .text.vexDisplayMessageIsActive
                0x03813a74       0x3c MW_TabManager.o
                0x03813a74                vexDisplayMessageIsActive
 .text.vexDisplayMessageOnScreen
                0x03813ab0       0xe4 MW_TabManager.o
                0x03813ab0                vexDisplayMessageOnScreen
 .text.FIQInterrupt
                0x03813b94        0x4 MW_FreeRTOS_glue.o
                0x03813b94                FIQInterrupt
 .text.DataAbortInterrupt
                0x03813b98        0x4 MW_FreeRTOS_glue.o
                0x03813b98                DataAbortInterrupt
 .text.PrefetchAbortInterrupt
                0x03813b9c        0x4 MW_FreeRTOS_glue.o
                0x03813b9c                PrefetchAbortInterrupt
 .text._boot    0x03813ba0        0x4 MW_FreeRTOS_glue.o
                0x03813ba0                _boot
 .text.FreeRTOS_Initialize
                0x03813ba4       0x14 MW_FreeRTOS_glue.o
                0x03813ba4                FreeRTOS_Initialize
 .text.vConfigureTickInterrupt
                0x03813bb8       0x10 MW_FreeRTOS_glue.o
                0x03813bb8                vConfigureTickInterrupt
 .text.vClearTickInterrupt
                0x03813bc8        0x4 MW_FreeRTOS_glue.o
                0x03813bc8                vClearTickInterrupt
 .text.vApplicationFPUSafeIRQHandler
                0x03813bcc        0x4 MW_FreeRTOS_glue.o
                0x03813bcc                vApplicationFPUSafeIRQHandler
 .text.vInitialiseTimerForRunTimeStats
                0x03813bd0        0x4 MW_FreeRTOS_glue.o
                0x03813bd0                vInitialiseTimerForRunTimeStats
 .text.vApplicationMallocFailedHook
                0x03813bd4        0xc MW_FreeRTOS_glue.o
                0x03813bd4                vApplicationMallocFailedHook
 .text.vApplicationStackOverflowHook
                0x03813be0        0xc MW_FreeRTOS_glue.o
                0x03813be0                vApplicationStackOverflowHook
 .text.vApplicationIdleHook
                0x03813bec       0x1c MW_FreeRTOS_glue.o
                0x03813bec                vApplicationIdleHook
 .text.vAssertCalled
                0x03813c08       0x30 MW_FreeRTOS_glue.o
                0x03813c08                vAssertCalled
 .text.vApplicationTickHook
                0x03813c38        0x4 MW_FreeRTOS_glue.o
                0x03813c38                vApplicationTickHook
 .text.vApplicationGetIdleTaskMemory
                0x03813c3c       0x24 MW_FreeRTOS_glue.o
                0x03813c3c                vApplicationGetIdleTaskMemory
 .text.vApplicationGetTimerTaskMemory
                0x03813c60       0x24 MW_FreeRTOS_glue.o
                0x03813c60                vApplicationGetTimerTaskMemory
 .text.vListInitialise
                0x03813c84       0x20 list.o
                0x03813c84                vListInitialise
 .text.vListInitialiseItem
                0x03813ca4        0xc list.o
                0x03813ca4                vListInitialiseItem
 .text.vListInsertEnd
                0x03813cb0       0x30 list.o
                0x03813cb0                vListInsertEnd
 .text.vListInsert
                0x03813ce0       0x54 list.o
                0x03813ce0                vListInsert
 .text.uxListRemove
                0x03813d34       0x34 list.o
                0x03813d34                uxListRemove
 .text.prvCopyDataToQueue
                0x03813d68       0xcc queue.o
 .text.prvNotifyQueueSetContainer
                0x03813e34       0xb0 queue.o
 .text.prvCopyDataFromQueue
                0x03813ee4       0x38 queue.o
 .text.prvUnlockQueue
                0x03813f1c       0xc8 queue.o
 .text.xQueueGenericReset
                0x03813fe4       0xa8 queue.o
                0x03813fe4                xQueueGenericReset
 .text.xQueueGenericCreateStatic
                0x0381408c       0xdc queue.o
                0x0381408c                xQueueGenericCreateStatic
 .text.xQueueGenericCreate
                0x03814168       0x70 queue.o
                0x03814168                xQueueGenericCreate
 .text.xQueueGetMutexHolder
                0x038141d8       0x28 queue.o
                0x038141d8                xQueueGetMutexHolder
 .text.xQueueCreateCountingSemaphore
                0x03814200       0x50 queue.o
                0x03814200                xQueueCreateCountingSemaphore
 .text.xQueueGenericSend
                0x03814250      0x1ec queue.o
                0x03814250                xQueueGenericSend
 .text.xQueueCreateMutex
                0x0381443c       0x40 queue.o
                0x0381443c                xQueueCreateMutex
 .text.xQueueGenericSendFromISR
                0x0381447c      0x128 queue.o
                0x0381447c                xQueueGenericSendFromISR
 .text.xQueueGenericReceive
                0x038145a4      0x1fc queue.o
                0x038145a4                xQueueGenericReceive
 .text.vQueueAddToRegistry
                0x038147a0       0x3c queue.o
                0x038147a0                vQueueAddToRegistry
 .text.vQueueWaitForMessageRestricted
                0x038147dc       0x60 queue.o
                0x038147dc                vQueueWaitForMessageRestricted
 .text.prvAddNewTaskToReadyList
                0x0381483c      0x160 tasks.o
 .text.prvAddCurrentTaskToDelayedList
                0x0381499c       0xf8 tasks.o
 .text.prvResetNextTaskUnblockTime
                0x03814a94       0x38 tasks.o
 .text.prvInitialiseNewTask.isra.0
                0x03814acc       0xbc tasks.o
 .text.prvDeleteTCB
                0x03814b88       0x48 tasks.o
 .text.xTaskCreateStatic
                0x03814bd0       0x88 tasks.o
                0x03814bd0                xTaskCreateStatic
 .text.xTaskCreate
                0x03814c58       0x90 tasks.o
                0x03814c58                xTaskCreate
 .text.vTaskDelete
                0x03814ce8      0x134 tasks.o
                0x03814ce8                vTaskDelete
 .text.vTaskStartScheduler
                0x03814e1c       0xc4 tasks.o
                0x03814e1c                vTaskStartScheduler
 .text.vTaskSuspendAll
                0x03814ee0       0x18 tasks.o
                0x03814ee0                vTaskSuspendAll
 .text.xTaskGetTickCount
                0x03814ef8       0x10 tasks.o
                0x03814ef8                xTaskGetTickCount
 .text.xTaskIncrementTick
                0x03814f08      0x1c0 tasks.o
                0x03814f08                xTaskIncrementTick
 .text.xTaskResumeAll
                0x038150c8      0x154 tasks.o
                0x038150c8                xTaskResumeAll
 .text.prvIdleTask
                0x0381521c       0x98 tasks.o
 .text.vTaskSwitchContext
                0x038152b4      0x110 tasks.o
                0x038152b4                vTaskSwitchContext
 .text.vTaskPlaceOnEventList
                0x038153c4       0x48 tasks.o
                0x038153c4                vTaskPlaceOnEventList
 .text.vTaskPlaceOnEventListRestricted
                0x0381540c       0x54 tasks.o
                0x0381540c                vTaskPlaceOnEventListRestricted
 .text.xTaskRemoveFromEventList
                0x03815460       0xc0 tasks.o
                0x03815460                xTaskRemoveFromEventList
 .text.vTaskSetTimeOutState
                0x03815520       0x40 tasks.o
                0x03815520                vTaskSetTimeOutState
 .text.xTaskCheckForTimeOut
                0x03815560       0xd0 tasks.o
                0x03815560                xTaskCheckForTimeOut
 .text.vTaskMissedYield
                0x03815630       0x14 tasks.o
                0x03815630                vTaskMissedYield
 .text.xTaskGetCurrentTaskHandle
                0x03815644       0x10 tasks.o
                0x03815644                xTaskGetCurrentTaskHandle
 .text.xTaskGetSchedulerState
                0x03815654       0x38 tasks.o
                0x03815654                xTaskGetSchedulerState
 .text.vTaskPriorityInherit
                0x0381568c       0xdc tasks.o
                0x0381568c                vTaskPriorityInherit
 .text.xTaskPriorityDisinherit
                0x03815768       0xfc tasks.o
                0x03815768                xTaskPriorityDisinherit
 .text.pvTaskIncrementMutexHeldCount
                0x03815864       0x28 tasks.o
                0x03815864                pvTaskIncrementMutexHeldCount
 .text.prvCheckForValidListAndQueue
                0x0381588c       0x98 timers.o
 .text.prvInsertTimerInActiveList
                0x03815924       0x70 timers.o
 .text.xTimerCreateTimerTask
                0x03815994       0xa4 timers.o
                0x03815994                xTimerCreateTimerTask
 .text.xTimerCreate
                0x03815a38       0x70 timers.o
                0x03815a38                xTimerCreate
 .text.xTimerGenericCommand
                0x03815aa8       0x88 timers.o
                0x03815aa8                xTimerGenericCommand
 .text.prvSwitchTimerLists
                0x03815b30       0xcc timers.o
 .text.prvTimerTask
                0x03815bfc      0x2c8 timers.o
 .text.prvInsertBlockIntoFreeList
                0x03815ec4       0x74 heap_4.o
 .text.pvPortMalloc
                0x03815f38      0x1bc heap_4.o
                0x03815f38                pvPortMalloc
 .text.vPortFree
                0x038160f4       0xa0 heap_4.o
                0x038160f4                vPortFree
 .text.xPortGetFreeHeapSize
                0x03816194       0x10 heap_4.o
                0x03816194                xPortGetFreeHeapSize
 .text.pxPortInitialiseStack
                0x038161a4       0xf0 port.o
                0x038161a4                pxPortInitialiseStack
 .text.xPortStartScheduler
                0x03816294       0xe8 port.o
                0x03816294                xPortStartScheduler
 .text.vPortExitCritical
                0x0381637c       0x5c port.o
                0x0381637c                vPortExitCritical
 .text.FreeRTOS_Tick_Handler
                0x038163d8       0x7c port.o
                0x038163d8                FreeRTOS_Tick_Handler
 .text.vPortClearInterruptMask
                0x03816454       0x3c port.o
                0x03816454                vPortClearInterruptMask
 .text.ulPortSetInterruptMask
                0x03816490       0x48 port.o
                0x03816490                ulPortSetInterruptMask
 .text.vPortEnterCritical
                0x038164d8       0x50 port.o
                0x038164d8                vPortEnterCritical
 .text.vPortValidateInterruptPriority
                0x03816528       0x4c port.o
                0x03816528                vPortValidateInterruptPriority
 .text.schedulerTask
                0x03816574        0xc mw_freertos_init.o
                0x03816574                schedulerTask
 .text.baseRateTaskWrapper
                0x03816580        0x4 mw_freertos_init.o
                0x03816580                baseRateTaskWrapper
 .text.mw_RTOSInit
                0x03816584      0x194 mw_freertos_init.o
                0x03816584                mw_RTOSInit
 .text.mw_osThreadCreate
                0x03816718       0x68 mw_thread.o
                0x03816718                mw_osThreadCreate
 .text.mw_osThreadExit
                0x03816780        0x8 mw_thread.o
                0x03816780                mw_osThreadExit
 .text.mw_osThreadJoin
                0x03816788       0x28 mw_thread.o
                0x03816788                mw_osThreadJoin
 .text.mw_osTimerCreate
                0x038167b0       0x30 mw_timer.o
                0x038167b0                mw_osTimerCreate
 .text.mw_osTimerStart
                0x038167e0       0x50 mw_timer.o
                0x038167e0                mw_osTimerStart
 .text.mw_osSemaphoreCreate
                0x03816830       0x1c mw_semaphore.o
                0x03816830                mw_osSemaphoreCreate
 .text.mw_osSemaphoreWaitEver
                0x0381684c       0x3c mw_semaphore.o
                0x0381684c                mw_osSemaphoreWaitEver
 .text.mw_osSemaphoreRelease
                0x03816888       0x3c mw_semaphore.o
                0x03816888                mw_osSemaphoreRelease
 .text.rtIOStreamOpen
                0x038168c4        0x8 rtiostream_serial.o
                0x038168c4                rtIOStreamOpen
 .text.rtIOStreamSend
                0x038168cc       0x20 rtiostream_serial.o
                0x038168cc                rtIOStreamSend
 .text.rtIOStreamRecv
                0x038168ec       0x68 rtiostream_serial.o
                0x038168ec                rtIOStreamRecv
 .text.rtIOStreamClose
                0x03816954       0x14 rtiostream_serial.o
                0x03816954                rtIOStreamClose
 .text.vexMain  0x03816968       0xa0 C:/ProgramData/MATLAB/SupportPackages/R2022a/3P.instrset/vexv5sdk.instrset/SDK_V5_1_0_12_0/vexv5/libv5rts.a(v5_startup.c.obj)
                0x03816968                vexMain
 .text._init    0x03816a08        0x4 C:/ProgramData/MATLAB/SupportPackages/R2022a/3P.instrset/vexv5sdk.instrset/SDK_V5_1_0_12_0/vexv5/libv5rts.a(v5_startup.c.obj)
                0x03816a08                _init
 .text._fini    0x03816a0c        0x4 C:/ProgramData/MATLAB/SupportPackages/R2022a/3P.instrset/vexv5sdk.instrset/SDK_V5_1_0_12_0/vexv5/libv5rts.a(v5_startup.c.obj)
                0x03816a0c                _fini
 .text._exit    0x03816a10        0xc C:/ProgramData/MATLAB/SupportPackages/R2022a/3P.instrset/vexv5sdk.instrset/SDK_V5_1_0_12_0/vexv5/libv5rts.a(v5_startup.c.obj)
                0x03816a10                _exit
 .text.vexPrivateApiDisable
                0x03816a1c       0x10 C:/ProgramData/MATLAB/SupportPackages/R2022a/3P.instrset/vexv5sdk.instrset/SDK_V5_1_0_12_0/vexv5/libv5rts.a(v5_apijump.c.obj)
                0x03816a1c                vexPrivateApiDisable
 .text.vexBackgroundProcessing
                0x03816a2c       0x10 C:/ProgramData/MATLAB/SupportPackages/R2022a/3P.instrset/vexv5sdk.instrset/SDK_V5_1_0_12_0/vexv5/libv5rts.a(v5_apijump.c.obj)
                0x03816a2c                vexBackgroundProcessing
 .text.vexDebug
                0x03816a3c       0x34 C:/ProgramData/MATLAB/SupportPackages/R2022a/3P.instrset/vexv5sdk.instrset/SDK_V5_1_0_12_0/vexv5/libv5rts.a(v5_apijump.c.obj)
                0x03816a3c                vexDebug
 .text.vexSystemTimeGet
                0x03816a70       0x10 C:/ProgramData/MATLAB/SupportPackages/R2022a/3P.instrset/vexv5sdk.instrset/SDK_V5_1_0_12_0/vexv5/libv5rts.a(v5_apijump.c.obj)
                0x03816a70                vexSystemTimeGet
 .text.vexSystemExitRequest
                0x03816a80       0x1c C:/ProgramData/MATLAB/SupportPackages/R2022a/3P.instrset/vexv5sdk.instrset/SDK_V5_1_0_12_0/vexv5/libv5rts.a(v5_apijump.c.obj)
                0x03816a80                vexSystemExitRequest
 .text.vexDeviceGetByIndex
                0x03816a9c       0x10 C:/ProgramData/MATLAB/SupportPackages/R2022a/3P.instrset/vexv5sdk.instrset/SDK_V5_1_0_12_0/vexv5/libv5rts.a(v5_apijump.c.obj)
                0x03816a9c                vexDeviceGetByIndex
 .text.vexDeviceGetStatus
                0x03816aac       0x28 C:/ProgramData/MATLAB/SupportPackages/R2022a/3P.instrset/vexv5sdk.instrset/SDK_V5_1_0_12_0/vexv5/libv5rts.a(v5_apijump.c.obj)
                0x03816aac                vexDeviceGetStatus
 .text.vexDeviceMotorVelocitySet
                0x03816ad4       0x10 C:/ProgramData/MATLAB/SupportPackages/R2022a/3P.instrset/vexv5sdk.instrset/SDK_V5_1_0_12_0/vexv5/libv5rts.a(v5_apijump.c.obj)
                0x03816ad4                vexDeviceMotorVelocitySet
 .text.vexDeviceMotorEncoderUnitsSet
                0x03816ae4       0x10 C:/ProgramData/MATLAB/SupportPackages/R2022a/3P.instrset/vexv5sdk.instrset/SDK_V5_1_0_12_0/vexv5/libv5rts.a(v5_apijump.c.obj)
                0x03816ae4                vexDeviceMotorEncoderUnitsSet
 .text.vexDeviceMotorBrakeModeSet
                0x03816af4       0x10 C:/ProgramData/MATLAB/SupportPackages/R2022a/3P.instrset/vexv5sdk.instrset/SDK_V5_1_0_12_0/vexv5/libv5rts.a(v5_apijump.c.obj)
                0x03816af4                vexDeviceMotorBrakeModeSet
 .text.vexDeviceMotorPositionGet
                0x03816b04       0x10 C:/ProgramData/MATLAB/SupportPackages/R2022a/3P.instrset/vexv5sdk.instrset/SDK_V5_1_0_12_0/vexv5/libv5rts.a(v5_apijump.c.obj)
                0x03816b04                vexDeviceMotorPositionGet
 .text.vexDeviceMotorPositionReset
                0x03816b14       0x10 C:/ProgramData/MATLAB/SupportPackages/R2022a/3P.instrset/vexv5sdk.instrset/SDK_V5_1_0_12_0/vexv5/libv5rts.a(v5_apijump.c.obj)
                0x03816b14                vexDeviceMotorPositionReset
 .text.vexDeviceMotorGearingSet
                0x03816b24       0x10 C:/ProgramData/MATLAB/SupportPackages/R2022a/3P.instrset/vexv5sdk.instrset/SDK_V5_1_0_12_0/vexv5/libv5rts.a(v5_apijump.c.obj)
                0x03816b24                vexDeviceMotorGearingSet
 .text.vexDisplayForegroundColor
                0x03816b34       0x10 C:/ProgramData/MATLAB/SupportPackages/R2022a/3P.instrset/vexv5sdk.instrset/SDK_V5_1_0_12_0/vexv5/libv5rts.a(v5_apijump.c.obj)
                0x03816b34                vexDisplayForegroundColor
 .text.vexDisplayBackgroundColor
                0x03816b44       0x10 C:/ProgramData/MATLAB/SupportPackages/R2022a/3P.instrset/vexv5sdk.instrset/SDK_V5_1_0_12_0/vexv5/libv5rts.a(v5_apijump.c.obj)
                0x03816b44                vexDisplayBackgroundColor
 .text.vexDisplayForegroundColorGet
                0x03816b54       0x10 C:/ProgramData/MATLAB/SupportPackages/R2022a/3P.instrset/vexv5sdk.instrset/SDK_V5_1_0_12_0/vexv5/libv5rts.a(v5_apijump.c.obj)
                0x03816b54                vexDisplayForegroundColorGet
 .text.vexDisplayBackgroundColorGet
                0x03816b64       0x10 C:/ProgramData/MATLAB/SupportPackages/R2022a/3P.instrset/vexv5sdk.instrset/SDK_V5_1_0_12_0/vexv5/libv5rts.a(v5_apijump.c.obj)
                0x03816b64                vexDisplayBackgroundColorGet
 .text.vexDisplayErase
                0x03816b74       0x10 C:/ProgramData/MATLAB/SupportPackages/R2022a/3P.instrset/vexv5sdk.instrset/SDK_V5_1_0_12_0/vexv5/libv5rts.a(v5_apijump.c.obj)
                0x03816b74                vexDisplayErase
 .text.vexDisplayScrollRect
                0x03816b84       0x18 C:/ProgramData/MATLAB/SupportPackages/R2022a/3P.instrset/vexv5sdk.instrset/SDK_V5_1_0_12_0/vexv5/libv5rts.a(v5_apijump.c.obj)
                0x03816b84                vexDisplayScrollRect
 .text.vexDisplayRectClear
                0x03816b9c       0x18 C:/ProgramData/MATLAB/SupportPackages/R2022a/3P.instrset/vexv5sdk.instrset/SDK_V5_1_0_12_0/vexv5/libv5rts.a(v5_apijump.c.obj)
                0x03816b9c                vexDisplayRectClear
 .text.vexDisplayString
                0x03816bb4       0x34 C:/ProgramData/MATLAB/SupportPackages/R2022a/3P.instrset/vexv5sdk.instrset/SDK_V5_1_0_12_0/vexv5/libv5rts.a(v5_apijump.c.obj)
                0x03816bb4                vexDisplayString
 .text.vexDisplayStringAt
                0x03816be8       0x38 C:/ProgramData/MATLAB/SupportPackages/R2022a/3P.instrset/vexv5sdk.instrset/SDK_V5_1_0_12_0/vexv5/libv5rts.a(v5_apijump.c.obj)
                0x03816be8                vexDisplayStringAt
 .text.vexDisplayBigStringAt
                0x03816c20       0x38 C:/ProgramData/MATLAB/SupportPackages/R2022a/3P.instrset/vexv5sdk.instrset/SDK_V5_1_0_12_0/vexv5/libv5rts.a(v5_apijump.c.obj)
                0x03816c20                vexDisplayBigStringAt
 .text.vexSerialWriteBuffer
                0x03816c58       0x10 C:/ProgramData/MATLAB/SupportPackages/R2022a/3P.instrset/vexv5sdk.instrset/SDK_V5_1_0_12_0/vexv5/libv5rts.a(v5_apijump.c.obj)
                0x03816c58                vexSerialWriteBuffer
 .text.vexSerialReadChar
                0x03816c68       0x10 C:/ProgramData/MATLAB/SupportPackages/R2022a/3P.instrset/vexv5sdk.instrset/SDK_V5_1_0_12_0/vexv5/libv5rts.a(v5_apijump.c.obj)
                0x03816c68                vexSerialReadChar
 .text.vexSerialPeekChar
                0x03816c78       0x10 C:/ProgramData/MATLAB/SupportPackages/R2022a/3P.instrset/vexv5sdk.instrset/SDK_V5_1_0_12_0/vexv5/libv5rts.a(v5_apijump.c.obj)
                0x03816c78                vexSerialPeekChar
 .text.vexSerialWriteFree
                0x03816c88       0x10 C:/ProgramData/MATLAB/SupportPackages/R2022a/3P.instrset/vexv5sdk.instrset/SDK_V5_1_0_12_0/vexv5/libv5rts.a(v5_apijump.c.obj)
                0x03816c88                vexSerialWriteFree
 .text.vexSystemTimerStop
                0x03816c98       0x10 C:/ProgramData/MATLAB/SupportPackages/R2022a/3P.instrset/vexv5sdk.instrset/SDK_V5_1_0_12_0/vexv5/libv5rts.a(v5_apijump.c.obj)
                0x03816c98                vexSystemTimerStop
 .text.vexSystemTimerClearInterrupt
                0x03816ca8       0x10 C:/ProgramData/MATLAB/SupportPackages/R2022a/3P.instrset/vexv5sdk.instrset/SDK_V5_1_0_12_0/vexv5/libv5rts.a(v5_apijump.c.obj)
                0x03816ca8                vexSystemTimerClearInterrupt
 .text.vexSystemTimerReinitForRtos
                0x03816cb8       0x10 C:/ProgramData/MATLAB/SupportPackages/R2022a/3P.instrset/vexv5sdk.instrset/SDK_V5_1_0_12_0/vexv5/libv5rts.a(v5_apijump.c.obj)
                0x03816cb8                vexSystemTimerReinitForRtos
 .text.vexSystemApplicationIRQHandler
                0x03816cc8       0x10 C:/ProgramData/MATLAB/SupportPackages/R2022a/3P.instrset/vexv5sdk.instrset/SDK_V5_1_0_12_0/vexv5/libv5rts.a(v5_apijump.c.obj)
                0x03816cc8                vexSystemApplicationIRQHandler
 .text.vexSystemWatchdogReinitRtos
                0x03816cd8       0x10 C:/ProgramData/MATLAB/SupportPackages/R2022a/3P.instrset/vexv5sdk.instrset/SDK_V5_1_0_12_0/vexv5/libv5rts.a(v5_apijump.c.obj)
                0x03816cd8                vexSystemWatchdogReinitRtos
 .text.vexSystemWatchdogGet
                0x03816ce8       0x10 C:/ProgramData/MATLAB/SupportPackages/R2022a/3P.instrset/vexv5sdk.instrset/SDK_V5_1_0_12_0/vexv5/libv5rts.a(v5_apijump.c.obj)
                0x03816ce8                vexSystemWatchdogGet
 .text.vexSystemBoot
                0x03816cf8       0x10 C:/ProgramData/MATLAB/SupportPackages/R2022a/3P.instrset/vexv5sdk.instrset/SDK_V5_1_0_12_0/vexv5/libv5rts.a(v5_apijump.c.obj)
                0x03816cf8                vexSystemBoot
 .text.vexSystemFIQInterrupt
                0x03816d08       0x10 C:/ProgramData/MATLAB/SupportPackages/R2022a/3P.instrset/vexv5sdk.instrset/SDK_V5_1_0_12_0/vexv5/libv5rts.a(v5_apijump.c.obj)
                0x03816d08                vexSystemFIQInterrupt
 .text.vexSystemDataAbortInterrupt
                0x03816d18       0x10 C:/ProgramData/MATLAB/SupportPackages/R2022a/3P.instrset/vexv5sdk.instrset/SDK_V5_1_0_12_0/vexv5/libv5rts.a(v5_apijump.c.obj)
                0x03816d18                vexSystemDataAbortInterrupt
 .text.vexSystemPrefetchAbortInterrupt
                0x03816d28       0x10 C:/ProgramData/MATLAB/SupportPackages/R2022a/3P.instrset/vexv5sdk.instrset/SDK_V5_1_0_12_0/vexv5/libv5rts.a(v5_apijump.c.obj)
                0x03816d28                vexSystemPrefetchAbortInterrupt
 .text.vexTouchUserCallbackSet
                0x03816d38       0x10 C:/ProgramData/MATLAB/SupportPackages/R2022a/3P.instrset/vexv5sdk.instrset/SDK_V5_1_0_12_0/vexv5/libv5rts.a(v5_apijump.c.obj)
                0x03816d38                vexTouchUserCallbackSet
 .text.vexDelay
                0x03816d48       0x30 C:/ProgramData/MATLAB/SupportPackages/R2022a/3P.instrset/vexv5sdk.instrset/SDK_V5_1_0_12_0/vexv5/libv5rts.a(v5_apiuser.c.obj)
                0x03816d48                vexDelay
 .text.vexMotorVelocitySet
                0x03816d78       0x20 C:/ProgramData/MATLAB/SupportPackages/R2022a/3P.instrset/vexv5sdk.instrset/SDK_V5_1_0_12_0/vexv5/libv5rts.a(v5_apiuser.c.obj)
                0x03816d78                vexMotorVelocitySet
 .text.vexMotorEncoderUnitsSet
                0x03816d98       0x20 C:/ProgramData/MATLAB/SupportPackages/R2022a/3P.instrset/vexv5sdk.instrset/SDK_V5_1_0_12_0/vexv5/libv5rts.a(v5_apiuser.c.obj)
                0x03816d98                vexMotorEncoderUnitsSet
 .text.vexMotorBrakeModeSet
                0x03816db8       0x20 C:/ProgramData/MATLAB/SupportPackages/R2022a/3P.instrset/vexv5sdk.instrset/SDK_V5_1_0_12_0/vexv5/libv5rts.a(v5_apiuser.c.obj)
                0x03816db8                vexMotorBrakeModeSet
 .text.vexMotorPositionGet
                0x03816dd8       0x24 C:/ProgramData/MATLAB/SupportPackages/R2022a/3P.instrset/vexv5sdk.instrset/SDK_V5_1_0_12_0/vexv5/libv5rts.a(v5_apiuser.c.obj)
                0x03816dd8                vexMotorPositionGet
 .text.vexMotorPositionReset
                0x03816dfc       0x18 C:/ProgramData/MATLAB/SupportPackages/R2022a/3P.instrset/vexv5sdk.instrset/SDK_V5_1_0_12_0/vexv5/libv5rts.a(v5_apiuser.c.obj)
                0x03816dfc                vexMotorPositionReset
 .text.vexMotorGearingSet
                0x03816e14       0x20 C:/ProgramData/MATLAB/SupportPackages/R2022a/3P.instrset/vexv5sdk.instrset/SDK_V5_1_0_12_0/vexv5/libv5rts.a(v5_apiuser.c.obj)
                0x03816e14                vexMotorGearingSet
 *fill*         0x03816e34        0x4 
 .text.pow      0x03816e38      0x638 c:/progra~3/matlab/suppor~1/r2022a/3p778c~1.ins/gnuarm~1.ins/win/bin/../lib/gcc/arm-none-eabi/9.3.1/../../../../arm-none-eabi/lib/thumb/v7-a+simd/softfp/libm.a(lib_a-pow.o)
                0x03816e38                pow
 .text.cos      0x03817470       0xa0 c:/progra~3/matlab/suppor~1/r2022a/3p778c~1.ins/gnuarm~1.ins/win/bin/../lib/gcc/arm-none-eabi/9.3.1/../../../../arm-none-eabi/lib/thumb/v7-a+simd/softfp/libm.a(lib_a-s_cos.o)
                0x03817470                cos
 .text.floor    0x03817510      0x118 c:/progra~3/matlab/suppor~1/r2022a/3p778c~1.ins/gnuarm~1.ins/win/bin/../lib/gcc/arm-none-eabi/9.3.1/../../../../arm-none-eabi/lib/thumb/v7-a+simd/softfp/libm.a(lib_a-s_floor.o)
                0x03817510                floor
 .text.sin      0x03817628       0xa4 c:/progra~3/matlab/suppor~1/r2022a/3p778c~1.ins/gnuarm~1.ins/win/bin/../lib/gcc/arm-none-eabi/9.3.1/../../../../arm-none-eabi/lib/thumb/v7-a+simd/softfp/libm.a(lib_a-s_sin.o)
                0x03817628                sin
 .text.atan2    0x038176cc        0x4 c:/progra~3/matlab/suppor~1/r2022a/3p778c~1.ins/gnuarm~1.ins/win/bin/../lib/gcc/arm-none-eabi/9.3.1/../../../../arm-none-eabi/lib/thumb/v7-a+simd/softfp/libm.a(lib_a-w_atan2.o)
                0x038176cc                atan2
 .text.fmod     0x038176d0       0x70 c:/progra~3/matlab/suppor~1/r2022a/3p778c~1.ins/gnuarm~1.ins/win/bin/../lib/gcc/arm-none-eabi/9.3.1/../../../../arm-none-eabi/lib/thumb/v7-a+simd/softfp/libm.a(lib_a-w_fmod.o)
                0x038176d0                fmod
 .text.log10    0x03817740       0x84 c:/progra~3/matlab/suppor~1/r2022a/3p778c~1.ins/gnuarm~1.ins/win/bin/../lib/gcc/arm-none-eabi/9.3.1/../../../../arm-none-eabi/lib/thumb/v7-a+simd/softfp/libm.a(lib_a-w_log10.o)
                0x03817740                log10
 .text.sqrt     0x038177c4       0x64 c:/progra~3/matlab/suppor~1/r2022a/3p778c~1.ins/gnuarm~1.ins/win/bin/../lib/gcc/arm-none-eabi/9.3.1/../../../../arm-none-eabi/lib/thumb/v7-a+simd/softfp/libm.a(lib_a-w_sqrt.o)
                0x038177c4                sqrt
 .text.__ieee754_atan2
                0x03817828      0x1c8 c:/progra~3/matlab/suppor~1/r2022a/3p778c~1.ins/gnuarm~1.ins/win/bin/../lib/gcc/arm-none-eabi/9.3.1/../../../../arm-none-eabi/lib/thumb/v7-a+simd/softfp/libm.a(lib_a-e_atan2.o)
                0x03817828                __ieee754_atan2
 .text.__ieee754_fmod
                0x038179f0      0x304 c:/progra~3/matlab/suppor~1/r2022a/3p778c~1.ins/gnuarm~1.ins/win/bin/../lib/gcc/arm-none-eabi/9.3.1/../../../../arm-none-eabi/lib/thumb/v7-a+simd/softfp/libm.a(lib_a-e_fmod.o)
                0x038179f0                __ieee754_fmod
 *fill*         0x03817cf4        0x4 
 .text.__ieee754_log10
                0x03817cf8      0x110 c:/progra~3/matlab/suppor~1/r2022a/3p778c~1.ins/gnuarm~1.ins/win/bin/../lib/gcc/arm-none-eabi/9.3.1/../../../../arm-none-eabi/lib/thumb/v7-a+simd/softfp/libm.a(lib_a-e_log10.o)
                0x03817cf8                __ieee754_log10
 .text.__ieee754_rem_pio2
                0x03817e08      0x2a0 c:/progra~3/matlab/suppor~1/r2022a/3p778c~1.ins/gnuarm~1.ins/win/bin/../lib/gcc/arm-none-eabi/9.3.1/../../../../arm-none-eabi/lib/thumb/v7-a+simd/softfp/libm.a(lib_a-e_rem_pio2.o)
                0x03817e08                __ieee754_rem_pio2
 .text.__ieee754_sqrt
                0x038180a8       0x10 c:/progra~3/matlab/suppor~1/r2022a/3p778c~1.ins/gnuarm~1.ins/win/bin/../lib/gcc/arm-none-eabi/9.3.1/../../../../arm-none-eabi/lib/thumb/v7-a+simd/softfp/libm.a(lib_a-e_sqrt.o)
                0x038180a8                __ieee754_sqrt
 .text.__kernel_cos
                0x038180b8      0x138 c:/progra~3/matlab/suppor~1/r2022a/3p778c~1.ins/gnuarm~1.ins/win/bin/../lib/gcc/arm-none-eabi/9.3.1/../../../../arm-none-eabi/lib/thumb/v7-a+simd/softfp/libm.a(lib_a-k_cos.o)
                0x038180b8                __kernel_cos
 .text.__kernel_rem_pio2
                0x038181f0      0x6bc c:/progra~3/matlab/suppor~1/r2022a/3p778c~1.ins/gnuarm~1.ins/win/bin/../lib/gcc/arm-none-eabi/9.3.1/../../../../arm-none-eabi/lib/thumb/v7-a+simd/softfp/libm.a(lib_a-k_rem_pio2.o)
                0x038181f0                __kernel_rem_pio2
 *fill*         0x038188ac        0x4 
 .text.__kernel_sin
                0x038188b0       0xc0 c:/progra~3/matlab/suppor~1/r2022a/3p778c~1.ins/gnuarm~1.ins/win/bin/../lib/gcc/arm-none-eabi/9.3.1/../../../../arm-none-eabi/lib/thumb/v7-a+simd/softfp/libm.a(lib_a-k_sin.o)
                0x038188b0                __kernel_sin
 .text.log      0x03818970      0x238 c:/progra~3/matlab/suppor~1/r2022a/3p778c~1.ins/gnuarm~1.ins/win/bin/../lib/gcc/arm-none-eabi/9.3.1/../../../../arm-none-eabi/lib/thumb/v7-a+simd/softfp/libm.a(lib_a-log.o)
                0x03818970                log
 .text.with_errno
                0x03818ba8       0x18 c:/progra~3/matlab/suppor~1/r2022a/3p778c~1.ins/gnuarm~1.ins/win/bin/../lib/gcc/arm-none-eabi/9.3.1/../../../../arm-none-eabi/lib/thumb/v7-a+simd/softfp/libm.a(lib_a-math_err.o)
 .text.xflow    0x03818bc0       0x20 c:/progra~3/matlab/suppor~1/r2022a/3p778c~1.ins/gnuarm~1.ins/win/bin/../lib/gcc/arm-none-eabi/9.3.1/../../../../arm-none-eabi/lib/thumb/v7-a+simd/softfp/libm.a(lib_a-math_err.o)
 .text.__math_uflow
                0x03818be0       0x18 c:/progra~3/matlab/suppor~1/r2022a/3p778c~1.ins/gnuarm~1.ins/win/bin/../lib/gcc/arm-none-eabi/9.3.1/../../../../arm-none-eabi/lib/thumb/v7-a+simd/softfp/libm.a(lib_a-math_err.o)
                0x03818be0                __math_uflow
 .text.__math_oflow
                0x03818bf8       0x18 c:/progra~3/matlab/suppor~1/r2022a/3p778c~1.ins/gnuarm~1.ins/win/bin/../lib/gcc/arm-none-eabi/9.3.1/../../../../arm-none-eabi/lib/thumb/v7-a+simd/softfp/libm.a(lib_a-math_err.o)
                0x03818bf8                __math_oflow
 .text.__math_divzero
                0x03818c10       0x38 c:/progra~3/matlab/suppor~1/r2022a/3p778c~1.ins/gnuarm~1.ins/win/bin/../lib/gcc/arm-none-eabi/9.3.1/../../../../arm-none-eabi/lib/thumb/v7-a+simd/softfp/libm.a(lib_a-math_err.o)
                0x03818c10                __math_divzero
 .text.__math_invalid
                0x03818c48       0x2c c:/progra~3/matlab/suppor~1/r2022a/3p778c~1.ins/gnuarm~1.ins/win/bin/../lib/gcc/arm-none-eabi/9.3.1/../../../../arm-none-eabi/lib/thumb/v7-a+simd/softfp/libm.a(lib_a-math_err.o)
                0x03818c48                __math_invalid
 .text.__math_check_uflow
                0x03818c74       0x20 c:/progra~3/matlab/suppor~1/r2022a/3p778c~1.ins/gnuarm~1.ins/win/bin/../lib/gcc/arm-none-eabi/9.3.1/../../../../arm-none-eabi/lib/thumb/v7-a+simd/softfp/libm.a(lib_a-math_err.o)
                0x03818c74                __math_check_uflow
 *fill*         0x03818c94        0x4 
 .text.__math_check_oflow
                0x03818c98       0x30 c:/progra~3/matlab/suppor~1/r2022a/3p778c~1.ins/gnuarm~1.ins/win/bin/../lib/gcc/arm-none-eabi/9.3.1/../../../../arm-none-eabi/lib/thumb/v7-a+simd/softfp/libm.a(lib_a-math_err.o)
                0x03818c98                __math_check_oflow
 .text.atan     0x03818cc8      0x230 c:/progra~3/matlab/suppor~1/r2022a/3p778c~1.ins/gnuarm~1.ins/win/bin/../lib/gcc/arm-none-eabi/9.3.1/../../../../arm-none-eabi/lib/thumb/v7-a+simd/softfp/libm.a(lib_a-s_atan.o)
                0x03818cc8                atan
 .text.fabs     0x03818ef8        0x8 c:/progra~3/matlab/suppor~1/r2022a/3p778c~1.ins/gnuarm~1.ins/win/bin/../lib/gcc/arm-none-eabi/9.3.1/../../../../arm-none-eabi/lib/thumb/v7-a+simd/softfp/libm.a(lib_a-s_fabs.o)
                0x03818ef8                fabs
 .text.nan      0x03818f00        0xc c:/progra~3/matlab/suppor~1/r2022a/3p778c~1.ins/gnuarm~1.ins/win/bin/../lib/gcc/arm-none-eabi/9.3.1/../../../../arm-none-eabi/lib/thumb/v7-a+simd/softfp/libm.a(lib_a-s_nan.o)
                0x03818f00                nan
 *fill*         0x03818f0c        0x4 
 .text.scalbn   0x03818f10      0x128 c:/progra~3/matlab/suppor~1/r2022a/3p778c~1.ins/gnuarm~1.ins/win/bin/../lib/gcc/arm-none-eabi/9.3.1/../../../../arm-none-eabi/lib/thumb/v7-a+simd/softfp/libm.a(lib_a-s_scalbn.o)
                0x03818f10                scalbn
 .text.__errno  0x03819038        0xc c:/progra~3/matlab/suppor~1/r2022a/3p778c~1.ins/gnuarm~1.ins/win/bin/../lib/gcc/arm-none-eabi/9.3.1/../../../../arm-none-eabi/lib/thumb/v7-a+simd/softfp/libc.a(lib_a-errno.o)
                0x03819038                __errno
 .text.exit     0x03819044       0x20 c:/progra~3/matlab/suppor~1/r2022a/3p778c~1.ins/gnuarm~1.ins/win/bin/../lib/gcc/arm-none-eabi/9.3.1/../../../../arm-none-eabi/lib/thumb/v7-a+simd/softfp/libc.a(lib_a-exit.o)
                0x03819044                exit
 .text.__libc_fini_array
                0x03819064       0x2c c:/progra~3/matlab/suppor~1/r2022a/3p778c~1.ins/gnuarm~1.ins/win/bin/../lib/gcc/arm-none-eabi/9.3.1/../../../../arm-none-eabi/lib/thumb/v7-a+simd/softfp/libc.a(lib_a-fini.o)
                0x03819064                __libc_fini_array
 .text.__libc_init_array
                0x03819090       0x50 c:/progra~3/matlab/suppor~1/r2022a/3p778c~1.ins/gnuarm~1.ins/win/bin/../lib/gcc/arm-none-eabi/9.3.1/../../../../arm-none-eabi/lib/thumb/v7-a+simd/softfp/libc.a(lib_a-init.o)
                0x03819090                __libc_init_array
 .text.memset   0x038190e0       0xa0 c:/progra~3/matlab/suppor~1/r2022a/3p778c~1.ins/gnuarm~1.ins/win/bin/../lib/gcc/arm-none-eabi/9.3.1/../../../../arm-none-eabi/lib/thumb/v7-a+simd/softfp/libc.a(lib_a-memset.o)
                0x038190e0                memset
 .text.strcpy   0x03819180       0xc4 c:/progra~3/matlab/suppor~1/r2022a/3p778c~1.ins/gnuarm~1.ins/win/bin/../lib/gcc/arm-none-eabi/9.3.1/../../../../arm-none-eabi/lib/thumb/v7-a+simd/softfp/libc.a(lib_a-strcpy.o)
                0x03819180                strcpy
 .text.strncpy  0x03819244       0x74 c:/progra~3/matlab/suppor~1/r2022a/3p778c~1.ins/gnuarm~1.ins/win/bin/../lib/gcc/arm-none-eabi/9.3.1/../../../../arm-none-eabi/lib/thumb/v7-a+simd/softfp/libc.a(lib_a-strncpy.o)
                0x03819244                strncpy
 .text.startup.register_fini
                0x038192b8       0x18 c:/progra~3/matlab/suppor~1/r2022a/3p778c~1.ins/gnuarm~1.ins/win/bin/../lib/gcc/arm-none-eabi/9.3.1/../../../../arm-none-eabi/lib/thumb/v7-a+simd/softfp/libc.a(lib_a-__call_atexit.o)
 .text.__call_exitprocs
                0x038192d0       0xc8 c:/progra~3/matlab/suppor~1/r2022a/3p778c~1.ins/gnuarm~1.ins/win/bin/../lib/gcc/arm-none-eabi/9.3.1/../../../../arm-none-eabi/lib/thumb/v7-a+simd/softfp/libc.a(lib_a-__call_atexit.o)
                0x038192d0                __call_exitprocs
 .text.atexit   0x03819398        0xc c:/progra~3/matlab/suppor~1/r2022a/3p778c~1.ins/gnuarm~1.ins/win/bin/../lib/gcc/arm-none-eabi/9.3.1/../../../../arm-none-eabi/lib/thumb/v7-a+simd/softfp/libc.a(lib_a-atexit.o)
                0x03819398                atexit
 .text.__retarget_lock_acquire_recursive
                0x038193a4        0x4 c:/progra~3/matlab/suppor~1/r2022a/3p778c~1.ins/gnuarm~1.ins/win/bin/../lib/gcc/arm-none-eabi/9.3.1/../../../../arm-none-eabi/lib/thumb/v7-a+simd/softfp/libc.a(lib_a-lock.o)
                0x038193a4                __retarget_lock_acquire_recursive
 .text.__retarget_lock_release_recursive
                0x038193a8        0x4 c:/progra~3/matlab/suppor~1/r2022a/3p778c~1.ins/gnuarm~1.ins/win/bin/../lib/gcc/arm-none-eabi/9.3.1/../../../../arm-none-eabi/lib/thumb/v7-a+simd/softfp/libc.a(lib_a-lock.o)
                0x038193a8                __retarget_lock_release_recursive
 .text.__register_exitproc
                0x038193ac       0x90 c:/progra~3/matlab/suppor~1/r2022a/3p778c~1.ins/gnuarm~1.ins/win/bin/../lib/gcc/arm-none-eabi/9.3.1/../../../../arm-none-eabi/lib/thumb/v7-a+simd/softfp/libc.a(lib_a-__atexit.o)
                0x038193ac                __register_exitproc
 *fill*         0x0381943c        0x4 
 .text.__register_exitproc.__stub
                0x03819440        0x8 linker stubs
 *(.gnu.linkonce.t.*)
 *(.plt)
 *(.gnu_warning)
 *(.gcc_except_table)
 *(.glue_7)
 .glue_7        0x03819448        0x0 linker stubs
 *(.glue_7t)
 .glue_7t       0x03819448        0x0 linker stubs
 *(.vfp11_veneer)
 .vfp11_veneer  0x03819448        0x0 linker stubs
 *(.ARM.extab)
 *(.gnu.linkonce.armextab.*)

.v4_bx          0x03819448        0x0
 .v4_bx         0x03819448        0x0 linker stubs

.iplt           0x03819448        0x0
 .iplt          0x03819448        0x0 xcp_ext_work.o

.init
 *(.init)

.fini
 *(.fini)

.rodata         0x03819448     0x316c
                0x03819448                __rodata_start = .
 *(.rodata)
 *(.rodata.*)
 .rodata.terminateTask.str1.1
                0x03819448       0x38 ert_main.o
 .rodata.baseRateTask.str1.1
                0x03819480       0x14 ert_main.o
 .rodata.CSWTCH.4
                0x03819494        0x3 rt_zcfcn.o
 .rodata.eventMatrix.5628
                0x03819497       0x10 rt_zcfcn.o
 .rodata.tune_step.str1.1
                0x038194a7       0x14 tune.o
 .rodata.d.10670
                0x038194a7        0xe tune.o
 .rodata.e.10671
                0x038194b5       0x15 tune.o
 .rodata.g.10672
                0x038194ca       0x20 tune.o
 .rodata.h.10673
                0x038194ea       0x28 tune.o
 .rodata.rtAlwaysEnabled.10850
                0x03819512        0x1 tune.o
 *fill*         0x03819513        0x1 
 .rodata.tmp.10216
                0x03819514        0x4 tune.o
 .rodata.tmp.10292
                0x03819518        0x4 tune.o
 .rodata.tmp.10380
                0x0381951c        0x4 tune.o
 .rodata.tmp.10524
                0x03819520        0x4 tune.o
 .rodata.tmp.10587
                0x03819524        0x4 tune.o
 .rodata.tmp.9798
                0x03819528        0x4 tune.o
 .rodata.tmp.9942
                0x0381952c        0x4 tune.o
 .rodata.tune_M
                0x03819530        0x4 tune.o
                0x03819530                tune_M
 .rodata.standardSupportedRxPacket
                0x03819534       0x54 xcp_standard.o
 .rodata.daqSupportedRxPacket
                0x03819588       0x90 xcp_daq.o
 .rodata.calibrationSupportedRxPacket
                0x03819618       0x18 xcp_calibration.o
 .rodata.xcpMemMainBlockSizes
                0x03819630        0xc xcp_mem_default.o
 .rodata.xcpMemMainBlocksNumber
                0x0381963c        0xc xcp_mem_default.o
 .rodata.DevicePresent.str1.1
                0x03819648       0x14 MW_SupportFunc_Wrapper.o
 .rodata.MW_TabMgr_DrawButton.str1.1
                0x0381965c        0x6 MW_TabManager.o
 .rodata.MW_TabMgr_DrawButtons.str1.1
                0x03819662        0xa MW_TabManager.o
 .rodata.vexDisplayMessageTabInit.str1.1
                0x0381966c        0xc MW_TabManager.o
 .rodata.prvNotifyQueueSetContainer.str1.1
                0x03819678       0x72 queue.o
 .rodata.prvTaskIsTaskSuspended.str1.1
                0x038196ea       0x72 tasks.o
 .rodata.vTaskStartScheduler.str1.1
                0x0381975c        0x5 tasks.o
 .rodata.prvCheckForValidListAndQueue.str1.1
                0x03819761        0x5 timers.o
 .rodata.xTimerCreateTimerTask.str1.1
                0x03819766       0x7b timers.o
 .rodata.pvPortMalloc.str1.1
                0x038197e1       0x84 heap_4.o
 .rodata.xPortStartScheduler.str1.1
                0x03819865       0x86 port.o
 *fill*         0x038198eb        0x1 
 .rodata.ulICCEOIR
                0x038198ec        0x4 port.o
                0x038198ec                ulICCEOIR
 .rodata.ulICCIAR
                0x038198f0        0x4 port.o
                0x038198f0                ulICCIAR
 .rodata.ulICCPMR
                0x038198f4        0x4 port.o
                0x038198f4                ulICCPMR
 .rodata.ulMaxAPIPriorityMask
                0x038198f8        0x4 port.o
                0x038198f8                ulMaxAPIPriorityMask
 .rodata.mw_RTOSInit.str1.1
                0x038198fc       0x7e mw_freertos_init.o
 .rodata.mw_osThreadCreate.str1.1
                0x0381997a       0x5c mw_thread.o
 .rodata.str1.1
                0x038199d6       0x2b C:/ProgramData/MATLAB/SupportPackages/R2022a/3P.instrset/vexv5sdk.instrset/SDK_V5_1_0_12_0/vexv5/libv5rts.a(v5_startup.c.obj)
 *fill*         0x03819a01        0x7 
 .rodata.__pow_log_data
                0x03819a08     0x1048 c:/progra~3/matlab/suppor~1/r2022a/3p778c~1.ins/gnuarm~1.ins/win/bin/../lib/gcc/arm-none-eabi/9.3.1/../../../../arm-none-eabi/lib/thumb/v7-a+simd/softfp/libm.a(lib_a-pow_log_data.o)
                0x03819a08                __pow_log_data
 .rodata.log10.str1.4
                0x0381aa50        0x1 c:/progra~3/matlab/suppor~1/r2022a/3p778c~1.ins/gnuarm~1.ins/win/bin/../lib/gcc/arm-none-eabi/9.3.1/../../../../arm-none-eabi/lib/thumb/v7-a+simd/softfp/libm.a(lib_a-w_log10.o)
 *fill*         0x0381aa51        0x7 
 .rodata.CSWTCH.8
                0x0381aa58       0x18 c:/progra~3/matlab/suppor~1/r2022a/3p778c~1.ins/gnuarm~1.ins/win/bin/../lib/gcc/arm-none-eabi/9.3.1/../../../../arm-none-eabi/lib/thumb/v7-a+simd/softfp/libm.a(lib_a-e_atan2.o)
 .rodata.CSWTCH.9
                0x0381aa70       0x18 c:/progra~3/matlab/suppor~1/r2022a/3p778c~1.ins/gnuarm~1.ins/win/bin/../lib/gcc/arm-none-eabi/9.3.1/../../../../arm-none-eabi/lib/thumb/v7-a+simd/softfp/libm.a(lib_a-e_atan2.o)
 .rodata.Zero   0x0381aa88       0x10 c:/progra~3/matlab/suppor~1/r2022a/3p778c~1.ins/gnuarm~1.ins/win/bin/../lib/gcc/arm-none-eabi/9.3.1/../../../../arm-none-eabi/lib/thumb/v7-a+simd/softfp/libm.a(lib_a-e_fmod.o)
 .rodata.npio2_hw
                0x0381aa98       0x80 c:/progra~3/matlab/suppor~1/r2022a/3p778c~1.ins/gnuarm~1.ins/win/bin/../lib/gcc/arm-none-eabi/9.3.1/../../../../arm-none-eabi/lib/thumb/v7-a+simd/softfp/libm.a(lib_a-e_rem_pio2.o)
 .rodata.two_over_pi
                0x0381ab18      0x108 c:/progra~3/matlab/suppor~1/r2022a/3p778c~1.ins/gnuarm~1.ins/win/bin/../lib/gcc/arm-none-eabi/9.3.1/../../../../arm-none-eabi/lib/thumb/v7-a+simd/softfp/libm.a(lib_a-e_rem_pio2.o)
 .rodata.__exp_data
                0x0381ac20      0x870 c:/progra~3/matlab/suppor~1/r2022a/3p778c~1.ins/gnuarm~1.ins/win/bin/../lib/gcc/arm-none-eabi/9.3.1/../../../../arm-none-eabi/lib/thumb/v7-a+simd/softfp/libm.a(lib_a-exp_data.o)
                0x0381ac20                __exp_data
 .rodata.PIo2   0x0381b490       0x40 c:/progra~3/matlab/suppor~1/r2022a/3p778c~1.ins/gnuarm~1.ins/win/bin/../lib/gcc/arm-none-eabi/9.3.1/../../../../arm-none-eabi/lib/thumb/v7-a+simd/softfp/libm.a(lib_a-k_rem_pio2.o)
 .rodata.init_jk
                0x0381b4d0       0x10 c:/progra~3/matlab/suppor~1/r2022a/3p778c~1.ins/gnuarm~1.ins/win/bin/../lib/gcc/arm-none-eabi/9.3.1/../../../../arm-none-eabi/lib/thumb/v7-a+simd/softfp/libm.a(lib_a-k_rem_pio2.o)
 .rodata.__log_data
                0x0381b4e0     0x1090 c:/progra~3/matlab/suppor~1/r2022a/3p778c~1.ins/gnuarm~1.ins/win/bin/../lib/gcc/arm-none-eabi/9.3.1/../../../../arm-none-eabi/lib/thumb/v7-a+simd/softfp/libm.a(lib_a-log_data.o)
                0x0381b4e0                __log_data
 .rodata.atanhi
                0x0381c570       0x20 c:/progra~3/matlab/suppor~1/r2022a/3p778c~1.ins/gnuarm~1.ins/win/bin/../lib/gcc/arm-none-eabi/9.3.1/../../../../arm-none-eabi/lib/thumb/v7-a+simd/softfp/libm.a(lib_a-s_atan.o)
 .rodata.atanlo
                0x0381c590       0x20 c:/progra~3/matlab/suppor~1/r2022a/3p778c~1.ins/gnuarm~1.ins/win/bin/../lib/gcc/arm-none-eabi/9.3.1/../../../../arm-none-eabi/lib/thumb/v7-a+simd/softfp/libm.a(lib_a-s_atan.o)
 .rodata._global_impure_ptr
                0x0381c5b0        0x4 c:/progra~3/matlab/suppor~1/r2022a/3p778c~1.ins/gnuarm~1.ins/win/bin/../lib/gcc/arm-none-eabi/9.3.1/../../../../arm-none-eabi/lib/thumb/v7-a+simd/softfp/libc.a(lib_a-impure.o)
                0x0381c5b0                _global_impure_ptr
 *(.gnu.linkonce.r.*)
                0x0381c5b4                __rodata_end = .

.rel.dyn        0x0381c5b4        0x0
 .rel.iplt      0x0381c5b4        0x0 xcp_ext_work.o

.rodata1        0x0381c5b4        0x0
                0x0381c5b4                __rodata1_start = .
 *(.rodata1)
 *(.rodata1.*)
                0x0381c5b4                __rodata1_end = .

.sdata2         0x0381c5b4        0x0
                0x0381c5b4                __sdata2_start = .
 *(.sdata2)
 *(.sdata2.*)
 *(.gnu.linkonce.s2.*)
                0x0381c5b4                __sdata2_end = .

.sbss2          0x0381c5b4        0x0
                0x0381c5b4                __sbss2_start = .
 *(.sbss2)
 *(.sbss2.*)
 *(.gnu.linkonce.sb2.*)
                0x0381c5b4                __sbss2_end = .

.data           0x0381c5b8      0xf44
                0x0381c5b8                __data_start = .
 *(.data)
 *(.data.*)
 .data.runModel
                0x0381c5b8        0x1 ert_main.o
                0x0381c5b8                runModel
 *fill*         0x0381c5b9        0x7 
 .data.tune_P   0x0381c5c0      0xac8 tune_data.o
                0x0381c5c0                tune_P
 .data.xcpExtmodeFinalSimulationTime
                0x0381d088        0x8 xcp_ext_common.o
                0x0381d088                xcpExtmodeFinalSimulationTime
 .data.xcpModelStartRequest
                0x0381d090        0x1 xcp_ext_common.o
                0x0381d090                xcpModelStartRequest
 .data.xcpClassicTriggerArmRequest
                0x0381d091        0x1 xcp_ext_classic_trigger.o
                0x0381d091                xcpClassicTriggerArmRequest
 *fill*         0x0381d092        0x2 
 .data.xcpClassicTriggerDuration
                0x0381d094        0x4 xcp_ext_classic_trigger.o
                0x0381d094                xcpClassicTriggerDuration
 .data.startStopDaqListId
                0x0381d098        0x4 xcp_daq.o
 .data.xcpCurrentDaq
                0x0381d09c        0x4 xcp_daq.o
 .data.xcpEventCustomMemoryManager
                0x0381d0a0        0xc xcp_daq.o
 .data.xcpCtoReservedMemPoolId
                0x0381d0ac        0x4 xcp_transport.o
 .data.drvID    0x0381d0b0        0x4 xcp_drv_rtiostream.o
 .data.xcpCtoReservedMemPoolId
                0x0381d0b4        0x4 xcp_frame_serial.o
 .data.activeTab
                0x0381d0b8        0x1 MW_TabManager.o
 *fill*         0x0381d0b9        0x3 
 .data.ulCriticalNesting
                0x0381d0bc        0x4 port.o
                0x0381d0bc                ulCriticalNesting
 .data.appRunning
                0x0381d0c0        0x4 C:/ProgramData/MATLAB/SupportPackages/R2022a/3P.instrset/vexv5sdk.instrset/SDK_V5_1_0_12_0/vexv5/libv5rts.a(v5_startup.c.obj)
                0x0381d0c0                appRunning
 .data.__fdlib_version
                0x0381d0c4        0x1 c:/progra~3/matlab/suppor~1/r2022a/3p778c~1.ins/gnuarm~1.ins/win/bin/../lib/gcc/arm-none-eabi/9.3.1/../../../../arm-none-eabi/lib/thumb/v7-a+simd/softfp/libm.a(lib_a-s_lib_ver.o)
                0x0381d0c4                __fdlib_version
 *fill*         0x0381d0c5        0x3 
 .data._impure_ptr
                0x0381d0c8        0x4 c:/progra~3/matlab/suppor~1/r2022a/3p778c~1.ins/gnuarm~1.ins/win/bin/../lib/gcc/arm-none-eabi/9.3.1/../../../../arm-none-eabi/lib/thumb/v7-a+simd/softfp/libc.a(lib_a-impure.o)
                0x0381d0c8                _impure_ptr
 *fill*         0x0381d0cc        0x4 
 .data.impure_data
                0x0381d0d0      0x428 c:/progra~3/matlab/suppor~1/r2022a/3p778c~1.ins/gnuarm~1.ins/win/bin/../lib/gcc/arm-none-eabi/9.3.1/../../../../arm-none-eabi/lib/thumb/v7-a+simd/softfp/libc.a(lib_a-impure.o)
 .data.__atexit_recursive_mutex
                0x0381d4f8        0x4 c:/progra~3/matlab/suppor~1/r2022a/3p778c~1.ins/gnuarm~1.ins/win/bin/../lib/gcc/arm-none-eabi/9.3.1/../../../../arm-none-eabi/lib/thumb/v7-a+simd/softfp/libc.a(lib_a-__call_atexit.o)
                0x0381d4f8                __atexit_recursive_mutex
 *(.gnu.linkonce.d.*)
 *(.jcr)
 *(.got)
 *(.got.plt)
                0x0381d4fc                __data_end = .

.igot.plt       0x0381d4fc        0x0
 .igot.plt      0x0381d4fc        0x0 xcp_ext_work.o

.data1          0x0381d4fc        0x0
                0x0381d4fc                __data1_start = .
 *(.data1)
 *(.data1.*)
                0x0381d4fc                __data1_end = .

.got
 *(.got)

.ctors          0x0381d4fc        0x0
                0x0381d4fc                __CTOR_LIST__ = .
                0x0381d4fc                ___CTORS_LIST___ = .
 *crtbegin.o(.ctors)
 *(EXCLUDE_FILE(*crtend.o) .ctors)
 *(SORT_BY_NAME(.ctors.*))
 *(.ctors)
                0x0381d4fc                __CTOR_END__ = .
                0x0381d4fc                ___CTORS_END___ = .

.dtors          0x0381d4fc        0x0
                0x0381d4fc                __DTOR_LIST__ = .
                0x0381d4fc                ___DTORS_LIST___ = .
 *crtbegin.o(.dtors)
 *(EXCLUDE_FILE(*crtend.o) .dtors)
 *(SORT_BY_NAME(.dtors.*))
 *(.dtors)
                0x0381d4fc                __DTOR_END__ = .
                0x0381d4fc                ___DTORS_END___ = .

.fixup          0x0381d4fc        0x0
                0x0381d4fc                __fixup_start = .
 *(.fixup)
                0x0381d4fc                __fixup_end = .

.eh_frame
 *(.eh_frame)

.eh_framehdr    0x0381d4fc        0x0
                0x0381d4fc                __eh_framehdr_start = .
 *(.eh_framehdr)
                0x0381d4fc                __eh_framehdr_end = .

.gcc_except_table
 *(.gcc_except_table)

.mmu_tbl        0x03820000        0x0
                0x03820000                __mmu_tbl_start = .
 *(.mmu_tbl)
                0x03820000                __mmu_tbl_end = .

.ARM.exidx      0x0381d4fc        0x0
                0x0381d4fc                __exidx_start = .
 *(.ARM.exidx*)
 *(.gnu.linkonce.armexidix.*.*)
                0x0381d4fc                __exidx_end = .

.preinit_array  0x0381d4fc        0x0
                0x0381d4fc                __preinit_array_start = .
 *(SORT_BY_NAME(.preinit_array.*))
 *(.preinit_array)
                0x0381d4fc                __preinit_array_end = .

.init_array     0x0381d4fc        0x4
                0x0381d4fc                __init_array_start = .
 *(SORT_BY_NAME(.init_array.*))
 .init_array.00000
                0x0381d4fc        0x4 c:/progra~3/matlab/suppor~1/r2022a/3p778c~1.ins/gnuarm~1.ins/win/bin/../lib/gcc/arm-none-eabi/9.3.1/../../../../arm-none-eabi/lib/thumb/v7-a+simd/softfp/libc.a(lib_a-__call_atexit.o)
 *(.init_array)
                0x0381d500                __init_array_end = .

.fini_array     0x0381d500        0x0
                0x0381d500                __fini_array_start = .
 *(SORT_BY_NAME(.fini_array.*))
 *(.fini_array)
                0x0381d500                __fini_array_end = .

.ARM.attributes
                0x0381d500       0x33
                0x0381d500                __ARM.attributes_start = .
 *(.ARM.attributes)
 .ARM.attributes
                0x0381d500       0x35 xcp_ext_work.o
 .ARM.attributes
                0x0381d535       0x35 ert_main.o
 .ARM.attributes
                0x0381d56a       0x35 rtGetInf.o
 .ARM.attributes
                0x0381d59f       0x35 rtGetNaN.o
 .ARM.attributes
                0x0381d5d4       0x35 rt_nonfinite.o
 .ARM.attributes
                0x0381d609       0x35 rt_zcfcn.o
 .ARM.attributes
                0x0381d63e       0x35 tune.o
 .ARM.attributes
                0x0381d673       0x35 tune_data.o
 .ARM.attributes
                0x0381d6a8       0x35 xcp_ext_common.o
 .ARM.attributes
                0x0381d6dd       0x35 xcp_ext_classic_trigger.o
 .ARM.attributes
                0x0381d712       0x35 xcp.o
 .ARM.attributes
                0x0381d747       0x35 xcp_standard.o
 .ARM.attributes
                0x0381d77c       0x35 xcp_daq.o
 .ARM.attributes
                0x0381d7b1       0x35 xcp_calibration.o
 .ARM.attributes
                0x0381d7e6       0x35 xcp_fifo.o
 .ARM.attributes
                0x0381d81b       0x35 xcp_transport.o
 .ARM.attributes
                0x0381d850       0x35 xcp_mem_default.o
 .ARM.attributes
                0x0381d885       0x35 xcp_drv_rtiostream.o
 .ARM.attributes
                0x0381d8ba       0x35 xcp_frame_serial.o
 .ARM.attributes
                0x0381d8ef       0x35 xcp_ext_param_default_serial.o
 .ARM.attributes
                0x0381d924       0x35 MW_Vex_TaskControl.o
 .ARM.attributes
                0x0381d959       0x35 MW_SupportFunc_Wrapper.o
 .ARM.attributes
                0x0381d98e       0x35 MW_TabManager.o
 .ARM.attributes
                0x0381d9c3       0x35 MW_FreeRTOS_glue.o
 .ARM.attributes
                0x0381d9f8       0x35 list.o
 .ARM.attributes
                0x0381da2d       0x35 queue.o
 .ARM.attributes
                0x0381da62       0x35 tasks.o
 .ARM.attributes
                0x0381da97       0x35 timers.o
 .ARM.attributes
                0x0381dacc       0x35 heap_4.o
 .ARM.attributes
                0x0381db01       0x35 port.o
 .ARM.attributes
                0x0381db36       0x23 portASM.o
 .ARM.attributes
                0x0381db59       0x35 mw_freertos_init.o
 .ARM.attributes
                0x0381db8e       0x35 mw_thread.o
 .ARM.attributes
                0x0381dbc3       0x35 mw_timer.o
 .ARM.attributes
                0x0381dbf8       0x35 mw_semaphore.o
 .ARM.attributes
                0x0381dc2d       0x35 rtiostream_serial.o
 .ARM.attributes
                0x0381dc62       0x35 C:/ProgramData/MATLAB/SupportPackages/R2022a/3P.instrset/vexv5sdk.instrset/SDK_V5_1_0_12_0/vexv5/libv5rts.a(v5_startup.c.obj)
 .ARM.attributes
                0x0381dc97       0x35 C:/ProgramData/MATLAB/SupportPackages/R2022a/3P.instrset/vexv5sdk.instrset/SDK_V5_1_0_12_0/vexv5/libv5rts.a(v5_apijump.c.obj)
 .ARM.attributes
                0x0381dccc       0x35 C:/ProgramData/MATLAB/SupportPackages/R2022a/3P.instrset/vexv5sdk.instrset/SDK_V5_1_0_12_0/vexv5/libv5rts.a(v5_apiuser.c.obj)
 .ARM.attributes
                0x0381dd01       0x33 c:/progra~3/matlab/suppor~1/r2022a/3p778c~1.ins/gnuarm~1.ins/win/bin/../lib/gcc/arm-none-eabi/9.3.1/../../../../arm-none-eabi/lib/thumb/v7-a+simd/softfp/libm.a(lib_a-pow.o)
 .ARM.attributes
                0x0381dd34       0x2f c:/progra~3/matlab/suppor~1/r2022a/3p778c~1.ins/gnuarm~1.ins/win/bin/../lib/gcc/arm-none-eabi/9.3.1/../../../../arm-none-eabi/lib/thumb/v7-a+simd/softfp/libm.a(lib_a-pow_log_data.o)
 .ARM.attributes
                0x0381dd63       0x33 c:/progra~3/matlab/suppor~1/r2022a/3p778c~1.ins/gnuarm~1.ins/win/bin/../lib/gcc/arm-none-eabi/9.3.1/../../../../arm-none-eabi/lib/thumb/v7-a+simd/softfp/libm.a(lib_a-s_cos.o)
 .ARM.attributes
                0x0381dd96       0x33 c:/progra~3/matlab/suppor~1/r2022a/3p778c~1.ins/gnuarm~1.ins/win/bin/../lib/gcc/arm-none-eabi/9.3.1/../../../../arm-none-eabi/lib/thumb/v7-a+simd/softfp/libm.a(lib_a-s_floor.o)
 .ARM.attributes
                0x0381ddc9       0x33 c:/progra~3/matlab/suppor~1/r2022a/3p778c~1.ins/gnuarm~1.ins/win/bin/../lib/gcc/arm-none-eabi/9.3.1/../../../../arm-none-eabi/lib/thumb/v7-a+simd/softfp/libm.a(lib_a-s_sin.o)
 .ARM.attributes
                0x0381ddfc       0x33 c:/progra~3/matlab/suppor~1/r2022a/3p778c~1.ins/gnuarm~1.ins/win/bin/../lib/gcc/arm-none-eabi/9.3.1/../../../../arm-none-eabi/lib/thumb/v7-a+simd/softfp/libm.a(lib_a-w_atan2.o)
 .ARM.attributes
                0x0381de2f       0x33 c:/progra~3/matlab/suppor~1/r2022a/3p778c~1.ins/gnuarm~1.ins/win/bin/../lib/gcc/arm-none-eabi/9.3.1/../../../../arm-none-eabi/lib/thumb/v7-a+simd/softfp/libm.a(lib_a-w_fmod.o)
 .ARM.attributes
                0x0381de62       0x33 c:/progra~3/matlab/suppor~1/r2022a/3p778c~1.ins/gnuarm~1.ins/win/bin/../lib/gcc/arm-none-eabi/9.3.1/../../../../arm-none-eabi/lib/thumb/v7-a+simd/softfp/libm.a(lib_a-w_log10.o)
 .ARM.attributes
                0x0381de95       0x33 c:/progra~3/matlab/suppor~1/r2022a/3p778c~1.ins/gnuarm~1.ins/win/bin/../lib/gcc/arm-none-eabi/9.3.1/../../../../arm-none-eabi/lib/thumb/v7-a+simd/softfp/libm.a(lib_a-w_sqrt.o)
 .ARM.attributes
                0x0381dec8       0x33 c:/progra~3/matlab/suppor~1/r2022a/3p778c~1.ins/gnuarm~1.ins/win/bin/../lib/gcc/arm-none-eabi/9.3.1/../../../../arm-none-eabi/lib/thumb/v7-a+simd/softfp/libm.a(lib_a-e_atan2.o)
 .ARM.attributes
                0x0381defb       0x33 c:/progra~3/matlab/suppor~1/r2022a/3p778c~1.ins/gnuarm~1.ins/win/bin/../lib/gcc/arm-none-eabi/9.3.1/../../../../arm-none-eabi/lib/thumb/v7-a+simd/softfp/libm.a(lib_a-e_fmod.o)
 .ARM.attributes
                0x0381df2e       0x33 c:/progra~3/matlab/suppor~1/r2022a/3p778c~1.ins/gnuarm~1.ins/win/bin/../lib/gcc/arm-none-eabi/9.3.1/../../../../arm-none-eabi/lib/thumb/v7-a+simd/softfp/libm.a(lib_a-e_log10.o)
 .ARM.attributes
                0x0381df61       0x33 c:/progra~3/matlab/suppor~1/r2022a/3p778c~1.ins/gnuarm~1.ins/win/bin/../lib/gcc/arm-none-eabi/9.3.1/../../../../arm-none-eabi/lib/thumb/v7-a+simd/softfp/libm.a(lib_a-e_rem_pio2.o)
 .ARM.attributes
                0x0381df94       0x33 c:/progra~3/matlab/suppor~1/r2022a/3p778c~1.ins/gnuarm~1.ins/win/bin/../lib/gcc/arm-none-eabi/9.3.1/../../../../arm-none-eabi/lib/thumb/v7-a+simd/softfp/libm.a(lib_a-e_sqrt.o)
 .ARM.attributes
                0x0381dfc7       0x2f c:/progra~3/matlab/suppor~1/r2022a/3p778c~1.ins/gnuarm~1.ins/win/bin/../lib/gcc/arm-none-eabi/9.3.1/../../../../arm-none-eabi/lib/thumb/v7-a+simd/softfp/libm.a(lib_a-exp_data.o)
 .ARM.attributes
                0x0381dff6       0x33 c:/progra~3/matlab/suppor~1/r2022a/3p778c~1.ins/gnuarm~1.ins/win/bin/../lib/gcc/arm-none-eabi/9.3.1/../../../../arm-none-eabi/lib/thumb/v7-a+simd/softfp/libm.a(lib_a-k_cos.o)
 .ARM.attributes
                0x0381e029       0x33 c:/progra~3/matlab/suppor~1/r2022a/3p778c~1.ins/gnuarm~1.ins/win/bin/../lib/gcc/arm-none-eabi/9.3.1/../../../../arm-none-eabi/lib/thumb/v7-a+simd/softfp/libm.a(lib_a-k_rem_pio2.o)
 .ARM.attributes
                0x0381e05c       0x33 c:/progra~3/matlab/suppor~1/r2022a/3p778c~1.ins/gnuarm~1.ins/win/bin/../lib/gcc/arm-none-eabi/9.3.1/../../../../arm-none-eabi/lib/thumb/v7-a+simd/softfp/libm.a(lib_a-k_sin.o)
 .ARM.attributes
                0x0381e08f       0x33 c:/progra~3/matlab/suppor~1/r2022a/3p778c~1.ins/gnuarm~1.ins/win/bin/../lib/gcc/arm-none-eabi/9.3.1/../../../../arm-none-eabi/lib/thumb/v7-a+simd/softfp/libm.a(lib_a-log.o)
 .ARM.attributes
                0x0381e0c2       0x2f c:/progra~3/matlab/suppor~1/r2022a/3p778c~1.ins/gnuarm~1.ins/win/bin/../lib/gcc/arm-none-eabi/9.3.1/../../../../arm-none-eabi/lib/thumb/v7-a+simd/softfp/libm.a(lib_a-log_data.o)
 .ARM.attributes
                0x0381e0f1       0x33 c:/progra~3/matlab/suppor~1/r2022a/3p778c~1.ins/gnuarm~1.ins/win/bin/../lib/gcc/arm-none-eabi/9.3.1/../../../../arm-none-eabi/lib/thumb/v7-a+simd/softfp/libm.a(lib_a-math_err.o)
 .ARM.attributes
                0x0381e124       0x33 c:/progra~3/matlab/suppor~1/r2022a/3p778c~1.ins/gnuarm~1.ins/win/bin/../lib/gcc/arm-none-eabi/9.3.1/../../../../arm-none-eabi/lib/thumb/v7-a+simd/softfp/libm.a(lib_a-s_atan.o)
 .ARM.attributes
                0x0381e157       0x33 c:/progra~3/matlab/suppor~1/r2022a/3p778c~1.ins/gnuarm~1.ins/win/bin/../lib/gcc/arm-none-eabi/9.3.1/../../../../arm-none-eabi/lib/thumb/v7-a+simd/softfp/libm.a(lib_a-s_fabs.o)
 .ARM.attributes
                0x0381e18a       0x2f c:/progra~3/matlab/suppor~1/r2022a/3p778c~1.ins/gnuarm~1.ins/win/bin/../lib/gcc/arm-none-eabi/9.3.1/../../../../arm-none-eabi/lib/thumb/v7-a+simd/softfp/libm.a(lib_a-s_lib_ver.o)
 .ARM.attributes
                0x0381e1b9       0x33 c:/progra~3/matlab/suppor~1/r2022a/3p778c~1.ins/gnuarm~1.ins/win/bin/../lib/gcc/arm-none-eabi/9.3.1/../../../../arm-none-eabi/lib/thumb/v7-a+simd/softfp/libm.a(lib_a-s_nan.o)
 .ARM.attributes
                0x0381e1ec       0x33 c:/progra~3/matlab/suppor~1/r2022a/3p778c~1.ins/gnuarm~1.ins/win/bin/../lib/gcc/arm-none-eabi/9.3.1/../../../../arm-none-eabi/lib/thumb/v7-a+simd/softfp/libm.a(lib_a-s_scalbn.o)
 .ARM.attributes
                0x0381e21f       0x33 c:/progra~3/matlab/suppor~1/r2022a/3p778c~1.ins/gnuarm~1.ins/win/bin/../lib/gcc/arm-none-eabi/9.3.1/../../../../arm-none-eabi/lib/thumb/v7-a+simd/softfp/libc.a(lib_a-errno.o)
 .ARM.attributes
                0x0381e252       0x33 c:/progra~3/matlab/suppor~1/r2022a/3p778c~1.ins/gnuarm~1.ins/win/bin/../lib/gcc/arm-none-eabi/9.3.1/../../../../arm-none-eabi/lib/thumb/v7-a+simd/softfp/libc.a(lib_a-exit.o)
 .ARM.attributes
                0x0381e285       0x33 c:/progra~3/matlab/suppor~1/r2022a/3p778c~1.ins/gnuarm~1.ins/win/bin/../lib/gcc/arm-none-eabi/9.3.1/../../../../arm-none-eabi/lib/thumb/v7-a+simd/softfp/libc.a(lib_a-fini.o)
 .ARM.attributes
                0x0381e2b8       0x2f c:/progra~3/matlab/suppor~1/r2022a/3p778c~1.ins/gnuarm~1.ins/win/bin/../lib/gcc/arm-none-eabi/9.3.1/../../../../arm-none-eabi/lib/thumb/v7-a+simd/softfp/libc.a(lib_a-impure.o)
 .ARM.attributes
                0x0381e2e7       0x33 c:/progra~3/matlab/suppor~1/r2022a/3p778c~1.ins/gnuarm~1.ins/win/bin/../lib/gcc/arm-none-eabi/9.3.1/../../../../arm-none-eabi/lib/thumb/v7-a+simd/softfp/libc.a(lib_a-init.o)
 .ARM.attributes
                0x0381e31a       0x21 c:/progra~3/matlab/suppor~1/r2022a/3p778c~1.ins/gnuarm~1.ins/win/bin/../lib/gcc/arm-none-eabi/9.3.1/../../../../arm-none-eabi/lib/thumb/v7-a+simd/softfp/libc.a(lib_a-memcpy.o)
 .ARM.attributes
                0x0381e33b       0x33 c:/progra~3/matlab/suppor~1/r2022a/3p778c~1.ins/gnuarm~1.ins/win/bin/../lib/gcc/arm-none-eabi/9.3.1/../../../../arm-none-eabi/lib/thumb/v7-a+simd/softfp/libc.a(lib_a-memset.o)
 .ARM.attributes
                0x0381e36e       0x33 c:/progra~3/matlab/suppor~1/r2022a/3p778c~1.ins/gnuarm~1.ins/win/bin/../lib/gcc/arm-none-eabi/9.3.1/../../../../arm-none-eabi/lib/thumb/v7-a+simd/softfp/libc.a(lib_a-strcpy.o)
 .ARM.attributes
                0x0381e3a1       0x33 c:/progra~3/matlab/suppor~1/r2022a/3p778c~1.ins/gnuarm~1.ins/win/bin/../lib/gcc/arm-none-eabi/9.3.1/../../../../arm-none-eabi/lib/thumb/v7-a+simd/softfp/libc.a(lib_a-strncpy.o)
 .ARM.attributes
                0x0381e3d4       0x33 c:/progra~3/matlab/suppor~1/r2022a/3p778c~1.ins/gnuarm~1.ins/win/bin/../lib/gcc/arm-none-eabi/9.3.1/../../../../arm-none-eabi/lib/thumb/v7-a+simd/softfp/libc.a(lib_a-__call_atexit.o)
 .ARM.attributes
                0x0381e407       0x33 c:/progra~3/matlab/suppor~1/r2022a/3p778c~1.ins/gnuarm~1.ins/win/bin/../lib/gcc/arm-none-eabi/9.3.1/../../../../arm-none-eabi/lib/thumb/v7-a+simd/softfp/libc.a(lib_a-atexit.o)
 .ARM.attributes